[demo.agnidesigns.com/fortune/demo1/index.html]
[backblue.gif]
[fade.gif]
[index.html]
[demo.agnidesigns.com/fortune/demo1/wp-content/plugins/contact-form-7/includes/css/stylesc1f9.css]
[demo.agnidesigns.com/fortune/demo1/feed/index.html]
[demo.agnidesigns.com/fortune/demo1/comments/feed/index.html]
[demo.agnidesigns.com/fortune/demo1/wp-content/themes/fortun-child/style1f93.css]
[demo.agnidesigns.com/fortune/demo1/wp-content/themes/fortun/css/ionicons.min7406.css]
[demo.agnidesigns.com/fortune/demo1/wp-content/plugins/js_composer/assets/lib/bower/font-awesome/css/font-awesome.min972f.css]
[demo.agnidesigns.com/fortune/demo1/wp-content/themes/fortun/css/Pe-icon-7-stroke.min7359.css]
[demo.agnidesigns.com/fortune/demo1/wp-content/themes/fortun/css/Pe-icon-7-filled.min7359.css]
[demo.agnidesigns.com/fortune/demo1/wp-content/themes/fortun/css/linea-arrows.min5152.css]
[demo.agnidesigns.com/fortune/demo1/wp-content/themes/fortun/css/linea-basic.min5152.css]
[demo.agnidesigns.com/fortune/demo1/wp-content/themes/fortun/css/linea-elaboration.min5152.css]
[demo.agnidesigns.com/fortune/demo1/wp-content/themes/fortun/css/linea-ecommerce.min5152.css]
[demo.agnidesigns.com/fortune/demo1/wp-content/themes/fortun/css/linea-software.min5152.css]
[demo.agnidesigns.com/fortune/demo1/wp-content/themes/fortun/css/linea-music.min5152.css]
[demo.agnidesigns.com/fortune/demo1/wp-content/themes/fortun/css/linea-weather.min5152.css]
[demo.agnidesigns.com/fortune/demo1/wp-content/themes/fortun/css/wfmi-style.min5152.css]
[demo.agnidesigns.com/fortune/demo1/wp-content/themes/fortun/css/fortune-plugins1f93.css]
[demo.agnidesigns.com/fortune/demo1/wp-content/themes/fortun/css/fortune1f93.css]
[demo.agnidesigns.com/fortune/demo1/wp-content/themes/fortun-child/style5152.css]
[demo.agnidesigns.com/fortune/demo1/wp-content/themes/fortun/css/demo15152.css]
[demo.agnidesigns.com/fortune/demo1/wp-content/themes/fortun/css/responsive5152.css]
[demo.agnidesigns.com/fortune/demo1/wp-content/plugins/js_composer/assets/css/js_composer.min972f.css]
[demo.agnidesigns.com/fortune/demo1/wp-includes/js/jquery/jquery-migrate.min330a.js]
[demo.agnidesigns.com/fortune/demo1/xmlrpc0db0.php]
[demo.agnidesigns.com/fortune/demo1/wp-json/index.html]
[demo.agnidesigns.com/fortune/demo1/wp-includes/wlwmanifest.xml]
[demo.agnidesigns.com/fortune/demo1/wp-includes/js/jquery/jqueryb8ff.js]
[demo.agnidesigns.com/fortune/demo1/wp-json/oembed/1.0/embed0bdc.json]
[demo.agnidesigns.com/fortune/demo1/wp-json/oembed/1.0/embed445a]
[demo.agnidesigns.com/fortune/demo1/wp-content/uploads/sites/2/2017/03/fortune-logo.png]
[demo.agnidesigns.com/fortune/demo1/wp-content/uploads/sites/2/2017/03/fortune-logo_white.png]
[demo.agnidesigns.com/fortune/demo1/wp-content/uploads/sites/2/2016/06/shutterstock_237302122.jpg]
[demo.agnidesigns.com/fortune/demo1/d1-about/index.html]
[demo.agnidesigns.com/fortune/demo1/d1-services/index.html]
[demo.agnidesigns.com/fortune/demo1/wp-content/uploads/sites/2/2016/06/shutterstock_239342257.jpg]
[demo.agnidesigns.com/fortune/demo1/d1-works/index.html]
[demo.agnidesigns.com/fortune/demo1/d1-contact/index.html]
[demo.agnidesigns.com/fortune/demo1/d1-blog/index.html]
[demo.agnidesigns.com/fortune/demo1/wp-content/uploads/sites/2/2016/08/shutterstock_301315592-1.jpg]
[demo.agnidesigns.com/fortune/demo1/wp-content/uploads/sites/2/2016/12/portfolio-thumbnail_25.jpg]
[demo.agnidesigns.com/fortune/demo1/wp-content/uploads/sites/2/2016/12/portfolio-thumbnail_26.jpg]
[demo.agnidesigns.com/fortune/demo1/portfolio/sidebar-constrained/index.html]
[demo.agnidesigns.com/fortune/demo1/wp-content/uploads/sites/2/2016/12/portfolio-thumbnail_27.jpg]
[demo.agnidesigns.com/fortune/demo1/portfolio/zigzag-constrained/index.html]
[demo.agnidesigns.com/fortune/demo1/wp-content/uploads/sites/2/2016/12/portfolio-thumbnail_23.jpg]
[demo.agnidesigns.com/fortune/demo1/wp-content/uploads/sites/2/2016/12/portfolio-thumbnail_24.jpg]
[demo.agnidesigns.com/fortune/demo1/portfolio/fullscreen-slider/index.html]
[demo.agnidesigns.com/fortune/demo1/portfolio/sidebar-gallery-fullwidth/index.html]
[demo.agnidesigns.com/fortune/demo1/wp-content/uploads/sites/2/2016/12/portfolio-thumbnail_28.jpg]
[demo.agnidesigns.com/fortune/demo1/wp-content/uploads/sites/2/2016/06/google.png]
[demo.agnidesigns.com/fortune/demo1/portfolio/fullwidth-carousel-vc-elements/index.html]
[demo.agnidesigns.com/fortune/demo1/portfolio/fullwidth-media-constrained/index.html]
[demo.agnidesigns.com/fortune/demo1/wp-content/uploads/sites/2/2016/06/envato.png]
[demo.agnidesigns.com/fortune/demo1/wp-content/uploads/sites/2/2016/06/netflix.png]
[demo.agnidesigns.com/fortune/demo1/wp-content/uploads/sites/2/2016/06/airbnb.png]
[demo.agnidesigns.com/fortune/demo1/wp-content/uploads/sites/2/2016/06/wordpress.png]
[demo.agnidesigns.com/fortune/demo1/wp-content/uploads/sites/2/2016/06/mailchimp.png]
[demo.agnidesigns.com/fortune/demo1/wp-content/uploads/sites/2/2016/06/github.png]
[demo.agnidesigns.com/fortune/demo1/wp-content/uploads/sites/2/2016/06/jquery.png]
[demo.agnidesigns.com/fortune/demo1/wp-content/uploads/sites/2/2016/08/shutterstock_301315544-1.jpg]
[demo.agnidesigns.com/fortune/demo1/wp-content/uploads/sites/2/2016/06/shutterstock_238577659.jpg]
[demo.agnidesigns.com/fortune/demo1/wp-content/uploads/sites/2/2016/06/testimonial_1.jpg]
[demo.agnidesigns.com/fortune/demo1/wp-content/uploads/sites/2/2016/06/testimonial_3.jpg]
[demo.agnidesigns.com/fortune/demo1/wp-content/uploads/sites/2/2016/06/testimonial_2.jpg]
[www.google-analytics.com/analytics.js]
[demo.agnidesigns.com/fortune/demo1/wp-content/plugins/contact-form-7/includes/js/jquery.form.mind03d.js]
[demo.agnidesigns.com/fortune/demo1/wp-content/plugins/contact-form-7/includes/js/scriptsc1f9.js]
[demo.agnidesigns.com/fortune/demo1/wp-includes/js/wp-embed.min1f93.js]
[demo.agnidesigns.com/fortune/demo1/wp-content/themes/fortun/js/script5152.js]
[demo.agnidesigns.com/fortune/demo1/wp-content/plugins/js_composer/assets/js/dist/js_composer_front.min972f.js]
[demo.agnidesigns.com/fortune/demo1/index.html]
[demo.agnidesigns.com/fortune/demo1/xmlrpc.php]
[demo.agnidesigns.com/fortune/demo1/wp-content/plugins/contact-form-7/includes/css/stylesc1f9.css]
[demo.agnidesigns.com/fortune/demo1/wp-content/themes/fortun/style.css]
[demo.agnidesigns.com/fortune/demo1/wp-content/themes/fortun/css/responsive.css]
[demo.agnidesigns.com/fortune/demo1/wp-content/plugins/mailchimp-for-wp/assets/js/forms-api.min1cf2.js]
[demo.agnidesigns.com/fortune/demo1/wp-content/themes/fortun-child/style1f93.css]
[demo.agnidesigns.com/fortune/demo1/wp-content/themes/fortun/css/fonts/ionicons28b5.eot]
[demo.agnidesigns.com/fortune/demo1/wp-content/themes/fortun/css/fonts/ionicons28b5.ttf]
[demo.agnidesigns.com/fortune/demo1/wp-content/themes/fortun/js/fortune-plugins5152.js]
[demo.agnidesigns.com/fortune/demo1/wp-content/themes/fortun/css/fonts/ionicons28b5.woff]
[demo.agnidesigns.com/fortune/demo1/wp-content/themes/fortun/css/ionicons.min7406.css]
[demo.agnidesigns.com/fortune/demo1/wp-content/plugins/js_composer/assets/lib/bower/font-awesome/fonts/fontawesome-webfont5b62.eot]
[demo.agnidesigns.com/fortune/demo1/wp-content/plugins/js_composer/assets/lib/bower/font-awesome/fonts/fontawesome-webfontd41d.eot]
[demo.agnidesigns.com/fortune/demo1/wp-content/plugins/js_composer/assets/lib/bower/font-awesome/fonts/fontawesome-webfont5b62.woff]
[demo.agnidesigns.com/fortune/demo1/wp-content/plugins/js_composer/assets/lib/bower/font-awesome/fonts/fontawesome-webfont5b62.ttf]
[demo.agnidesigns.com/fortune/demo1/wp-content/plugins/js_composer/assets/lib/bower/font-awesome/css/font-awesome.min972f.css]
[demo.agnidesigns.com/fortune/demo1/wp-content/themes/fortun/css/fonts/Pe-icon-7-strokebb1d.eot]
[demo.agnidesigns.com/fortune/demo1/wp-content/themes/fortun/css/fonts/Pe-icon-7-stroked41d.eot]
[demo.agnidesigns.com/fortune/demo1/wp-content/themes/fortun/css/fonts/Pe-icon-7-strokebb1d.woff]
[demo.agnidesigns.com/fortune/demo1/wp-content/themes/fortun/css/fonts/Pe-icon-7-strokebb1d.ttf]
[demo.agnidesigns.com/fortune/demo1/wp-content/themes/fortun/css/Pe-icon-7-stroke.min7359.css]
[demo.agnidesigns.com/fortune/demo1/wp-content/themes/fortun/css/fonts/Pe-icon-7-filled74da.eot]
[demo.agnidesigns.com/fortune/demo1/wp-content/themes/fortun/css/fonts/Pe-icon-7-filledd41d.eot]
[demo.agnidesigns.com/fortune/demo1/wp-content/themes/fortun/css/fonts/Pe-icon-7-filled74da.woff]
[demo.agnidesigns.com/fortune/demo1/wp-content/themes/fortun/css/fonts/Pe-icon-7-filled74da.ttf]
[demo.agnidesigns.com/fortune/demo1/wp-content/themes/fortun/css/Pe-icon-7-filled.min7359.css]
[demo.agnidesigns.com/fortune/demo1/wp-content/themes/fortun/css/fonts/linea-arrows-10.eot]
[demo.agnidesigns.com/fortune/demo1/wp-content/themes/fortun/css/fonts/linea-arrows-10d41d.eot]
[demo.agnidesigns.com/fortune/demo1/wp-content/themes/fortun/css/fonts/linea-arrows-10.woff]
[demo.agnidesigns.com/fortune/demo1/wp-content/themes/fortun/css/fonts/linea-arrows-10.ttf]
[demo.agnidesigns.com/fortune/demo1/wp-content/themes/fortun/css/linea-arrows.min5152.css]
[demo.agnidesigns.com/fortune/demo1/wp-content/themes/fortun/css/fonts/linea-basic-10.eot]
[demo.agnidesigns.com/fortune/demo1/wp-content/themes/fortun/css/fonts/linea-basic-10.woff]
[demo.agnidesigns.com/fortune/demo1/wp-content/themes/fortun/css/fonts/linea-basic-10.ttf]
[demo.agnidesigns.com/fortune/demo1/wp-content/themes/fortun/css/fonts/linea-basic-10d41d.eot]
[demo.agnidesigns.com/fortune/demo1/wp-content/themes/fortun/css/linea-basic.min5152.css]
[demo.agnidesigns.com/fortune/demo1/wp-content/themes/fortun/css/fonts/linea-basic-elaboration-10.eot]
[demo.agnidesigns.com/fortune/demo1/wp-content/themes/fortun/css/fonts/linea-basic-elaboration-10.woff]
[demo.agnidesigns.com/fortune/demo1/wp-content/themes/fortun/css/fonts/linea-basic-elaboration-10d41d.eot]
[demo.agnidesigns.com/fortune/demo1/wp-content/themes/fortun/css/fonts/linea-basic-elaboration-10.ttf]
[demo.agnidesigns.com/fortune/demo1/wp-content/themes/fortun/css/linea-elaboration.min5152.css]
[demo.agnidesigns.com/fortune/demo1/wp-content/themes/fortun/css/fonts/linea-ecommerce-10.eot]
[demo.agnidesigns.com/fortune/demo1/wp-content/themes/fortun/css/fonts/linea-ecommerce-10d41d.eot]
[demo.agnidesigns.com/fortune/demo1/wp-content/themes/fortun/css/fonts/linea-ecommerce-10.woff]
[demo.agnidesigns.com/fortune/demo1/wp-content/themes/fortun/css/fonts/linea-ecommerce-10.ttf]
[demo.agnidesigns.com/fortune/demo1/wp-content/themes/fortun/css/linea-ecommerce.min5152.css]
[demo.agnidesigns.com/fortune/demo1/wp-content/themes/fortun/css/fonts/linea-software-10.eot]
[demo.agnidesigns.com/fortune/demo1/wp-content/themes/fortun/css/fonts/linea-software-10.woff]
[demo.agnidesigns.com/fortune/demo1/wp-content/themes/fortun/css/fonts/linea-software-10.ttf]
[demo.agnidesigns.com/fortune/demo1/wp-content/themes/fortun/css/fonts/linea-software-10d41d.eot]
[demo.agnidesigns.com/fortune/demo1/wp-content/themes/fortun/css/linea-software.min5152.css]
[demo.agnidesigns.com/fortune/demo1/wp-content/themes/fortun/css/fonts/linea-music-10.eot]
[demo.agnidesigns.com/fortune/demo1/wp-content/themes/fortun/css/fonts/linea-music-10.woff]
[demo.agnidesigns.com/fortune/demo1/wp-content/themes/fortun/css/fonts/linea-music-10.ttf]
[demo.agnidesigns.com/fortune/demo1/wp-content/themes/fortun/css/fonts/linea-music-10d41d.eot]
[demo.agnidesigns.com/fortune/demo1/wp-content/themes/fortun/css/linea-music.min5152.css]
[demo.agnidesigns.com/fortune/demo1/wp-content/themes/fortun/css/fonts/linea-weather-10.eot]
[demo.agnidesigns.com/fortune/demo1/wp-content/themes/fortun/css/fonts/linea-weather-10.woff]
[demo.agnidesigns.com/fortune/demo1/wp-content/themes/fortun/css/fonts/linea-weather-10d41d.eot]
[demo.agnidesigns.com/fortune/demo1/wp-content/themes/fortun/css/fonts/linea-weather-10.ttf]
[demo.agnidesigns.com/fortune/demo1/wp-content/themes/fortun/css/linea-weather.min5152.css]
[demo.agnidesigns.com/fortune/demo1/wp-content/themes/fortun/css/fonts/webfont-medical-icons.eot]
[demo.agnidesigns.com/fortune/demo1/wp-content/themes/fortun/css/fonts/webfont-medical-icons.ttf]
[demo.agnidesigns.com/fortune/demo1/wp-content/themes/fortun/css/fonts/webfont-medical-icons.woff]
[demo.agnidesigns.com/fortune/demo1/wp-content/themes/fortun/css/fonts/webfont-medical-iconsd41d.eot]
[demo.agnidesigns.com/fortune/demo1/wp-content/themes/fortun/css/wfmi-style.min5152.css]
[demo.agnidesigns.com/fortune/demo1/wp-content/themes/fortun/css/fortune-plugins1f93.css]
[demo.agnidesigns.com/fortune/demo1/wp-content/themes/fortun/css/fortune1f93.css]
[demo.agnidesigns.com/fortune/demo1/wp-content/themes/fortun-child/style5152.css]
[demo.agnidesigns.com/fortune/demo1/wp-content/themes/fortun/css/demo15152.css]
[demo.agnidesigns.com/fortune/demo1/wp-content/themes/fortun/css/responsive5152.css]
[demo.agnidesigns.com/fortune/demo1/wp-content/plugins/js_composer/assets/vc/alert.png]
[demo.agnidesigns.com/fortune/demo1/wp-content/plugins/js_composer/assets/vc/info.png]
[demo.agnidesigns.com/fortune/demo1/wp-content/plugins/js_composer/assets/vc/tick.png]
[demo.agnidesigns.com/fortune/demo1/wp-content/plugins/js_composer/assets/vc/exclamation.png]
[demo.agnidesigns.com/fortune/demo1/wp-content/plugins/js_composer/assets/images/icons/address-book.png]
[demo.agnidesigns.com/fortune/demo1/wp-content/plugins/js_composer/assets/images/icons/alarm-clock.png]
[demo.agnidesigns.com/fortune/demo1/wp-content/plugins/js_composer/assets/images/icons/anchor.png]
[demo.agnidesigns.com/fortune/demo1/wp-content/plugins/js_composer/assets/images/icons/application-image.png]
[demo.agnidesigns.com/fortune/demo1/wp-content/plugins/js_composer/assets/images/icons/arrow.png]
[demo.agnidesigns.com/fortune/demo1/wp-content/plugins/js_composer/assets/images/icons/asterisk.png]
[demo.agnidesigns.com/fortune/demo1/wp-content/plugins/js_composer/assets/images/icons/auction-hammer.png]
[demo.agnidesigns.com/fortune/demo1/wp-content/plugins/js_composer/assets/images/icons/balloon.png]
[demo.agnidesigns.com/fortune/demo1/wp-content/plugins/js_composer/assets/images/icons/balloon-buzz.png]
[demo.agnidesigns.com/fortune/demo1/wp-content/plugins/js_composer/assets/images/icons/balloon-facebook.png]
[demo.agnidesigns.com/fortune/demo1/wp-content/plugins/js_composer/assets/images/icons/balloon-twitter.png]
[demo.agnidesigns.com/fortune/demo1/wp-content/plugins/js_composer/assets/images/icons/battery-full.png]
[demo.agnidesigns.com/fortune/demo1/wp-content/plugins/js_composer/assets/images/icons/binocular.png]
[demo.agnidesigns.com/fortune/demo1/wp-content/plugins/js_composer/assets/images/icons/blue-document-excel.png]
[demo.agnidesigns.com/fortune/demo1/wp-content/plugins/js_composer/assets/images/icons/blue-document-image.png]
[demo.agnidesigns.com/fortune/demo1/wp-content/plugins/js_composer/assets/images/icons/blue-document-music.png]
[demo.agnidesigns.com/fortune/demo1/wp-content/plugins/js_composer/assets/images/icons/blue-document-office.png]
[demo.agnidesigns.com/fortune/demo1/wp-content/plugins/js_composer/assets/images/icons/blue-document-pdf.png]
[demo.agnidesigns.com/fortune/demo1/wp-content/plugins/js_composer/assets/images/icons/blue-document-powerpoint.png]
[demo.agnidesigns.com/fortune/demo1/wp-content/plugins/js_composer/assets/images/icons/blue-document-word.png]
[demo.agnidesigns.com/fortune/demo1/wp-content/plugins/js_composer/assets/images/icons/bookmark.png]
[demo.agnidesigns.com/fortune/demo1/wp-content/plugins/js_composer/assets/images/icons/camcorder.png]
[demo.agnidesigns.com/fortune/demo1/wp-content/plugins/js_composer/assets/images/icons/camera.png]
[demo.agnidesigns.com/fortune/demo1/wp-content/plugins/js_composer/assets/images/icons/chart.png]
[demo.agnidesigns.com/fortune/demo1/wp-content/plugins/js_composer/assets/images/icons/chart-pie.png]
[demo.agnidesigns.com/fortune/demo1/wp-content/plugins/js_composer/assets/images/icons/clock.png]
[demo.agnidesigns.com/fortune/demo1/wp-content/plugins/js_composer/assets/images/icons/control.png]
[demo.agnidesigns.com/fortune/demo1/wp-content/plugins/js_composer/assets/images/icons/fire.png]
[demo.agnidesigns.com/fortune/demo1/wp-content/plugins/js_composer/assets/images/icons/heart.png]
[demo.agnidesigns.com/fortune/demo1/wp-content/plugins/js_composer/assets/images/icons/mail.png]
[demo.agnidesigns.com/fortune/demo1/wp-content/plugins/js_composer/assets/images/icons/plus-shield.png]
[demo.agnidesigns.com/fortune/demo1/wp-content/plugins/js_composer/assets/images/icons/video.png]
[demo.agnidesigns.com/fortune/demo1/wp-content/plugins/js_composer/assets/fonts/vc_icons/fonts/VC-Icons8309.ttf]
[demo.agnidesigns.com/fortune/demo1/wp-content/plugins/js_composer/assets/fonts/vc_icons/fonts/VC-Icons8309.woff]
[demo.agnidesigns.com/fortune/demo1/wp-content/plugins/js_composer/assets/images/toggle_open.png]
[demo.agnidesigns.com/fortune/demo1/wp-content/plugins/js_composer/assets/images/toggle_close.png]
[demo.agnidesigns.com/fortune/demo1/wp-content/plugins/js_composer/assets/images/flickr.png]
[demo.agnidesigns.com/fortune/demo1/wp-content/plugins/js_composer/assets/fonts/vc_grid/vc_grid_v157a1.eot]
[demo.agnidesigns.com/fortune/demo1/wp-content/plugins/js_composer/assets/fonts/vc_grid/vc_grid_v1d41d.eot]
[demo.agnidesigns.com/fortune/demo1/wp-content/plugins/js_composer/assets/fonts/vc_grid/vc_grid_v157a1.woff]
[demo.agnidesigns.com/fortune/demo1/wp-content/plugins/js_composer/assets/fonts/vc_grid/vc_grid_v157a1.ttf]
[demo.agnidesigns.com/fortune/demo1/wp-content/plugins/js_composer/assets/css/js_composer.min972f.css]
[demo.agnidesigns.com/fortune/demo1/wp-json/oembed/1.0/embedd947.json]
[demo.agnidesigns.com/fortune/demo1/wp-json/oembed/1.0/embed7563]
[demo.agnidesigns.com/fortune/demo1/wp-content/uploads/sites/2/2016/06/photo-1448932155749-638e51b56f03-1.jpg]
[demo.agnidesigns.com/fortune/demo1/wp-content/uploads/sites/2/2016/06/member_3_shutterstock_239715955.jpg]
[demo.agnidesigns.com/fortune/demo1/wp-content/uploads/sites/2/2016/06/member_2_shutterstock_234825760.jpg]
[demo.agnidesigns.com/fortune/demo1/wp-content/uploads/sites/2/2016/06/member_1_shutterstock_295163639.jpg]
[demo.agnidesigns.com/fortune/demo1/wp-content/uploads/sites/2/2016/06/shutterstock_239717206.jpg]
[demo.agnidesigns.com/fortune/demo1/wp-content/uploads/sites/2/2016/06/shutterstock_237302122-360x360.jpg]
[demo.agnidesigns.com/fortune/demo1/wp-content/uploads/sites/2/2016/06/service_shutterstock_315109646.jpg]
[demo.agnidesigns.com/fortune/demo1/wp-content/uploads/sites/2/2016/06/service_shutterstock_315109646-360x360.jpg]
[demo.agnidesigns.com/fortune/demo1/wp-content/uploads/sites/2/2016/06/service_shutterstock_315109715.jpg]
[demo.agnidesigns.com/fortune/demo1/wp-content/uploads/sites/2/2016/06/service_shutterstock_315109715-360x360.jpg]
[demo.agnidesigns.com/fortune/demo1/wp-content/uploads/sites/2/2016/06/shutterstock_239342257-360x360.jpg]
[demo.agnidesigns.com/fortune/demo1/wp-content/uploads/sites/2/2016/06/shutterstock_236717668.jpg]
[demo.agnidesigns.com/fortune/demo1/wp-content/uploads/sites/2/2016/06/shutterstock_236717668-360x360.jpg]
[demo.agnidesigns.com/fortune/demo1/wp-content/uploads/sites/2/2016/06/shutterstock_307289900.jpg]
[demo.agnidesigns.com/fortune/demo1/wp-content/uploads/sites/2/2016/06/shutterstock_307289900-360x360.jpg]
[demo.agnidesigns.com/fortune/demo1/wp-content/uploads/sites/2/2017/01/shutterstock_479181241.jpg]
[demo.agnidesigns.com/fortune/demo1/wp-content/uploads/sites/2/2017/01/shutterstock_479181241-360x360.jpg]
[demo.agnidesigns.com/fortune/demo1/d1-about/index.html]
[demo.agnidesigns.com/fortune/demo1/wp-json/oembed/1.0/embedf192.json]
[demo.agnidesigns.com/fortune/demo1/wp-json/oembed/1.0/embed38b7]
[demo.agnidesigns.com/fortune/demo1/wp-content/uploads/sites/2/2016/06/service_shutterstock_301315544.jpg]
[demo.agnidesigns.com/fortune/demo1/wp-content/uploads/sites/2/2016/06/photo-1461352195749-fdba50b79c74.jpg]
[demo.agnidesigns.com/fortune/demo1/d1-services/index.html]
[demo.agnidesigns.com/fortune/demo1/wp-json/oembed/1.0/embed82ca.json]
[demo.agnidesigns.com/fortune/demo1/wp-json/oembed/1.0/embed52c6]
[demo.agnidesigns.com/fortune/demo1/wp-content/uploads/sites/2/2016/12/portfolio-thumbnail_22.jpg]
[demo.agnidesigns.com/fortune/demo1/wp-content/uploads/sites/2/2016/12/portfolio-thumbnail_29.jpg]
[demo.agnidesigns.com/fortune/demo1/portfolio/fullwidth-constrained/index.html]
[demo.agnidesigns.com/fortune/demo1/d1-works/index.html]
[demo.agnidesigns.com/fortune/demo1/d1-works/page/2/index.html]
[demo.agnidesigns.com/fortune/demo1/portfolio/right-sidebar-fullwidth/index.html]
[demo.agnidesigns.com/fortune/demo1/wp-json/oembed/1.0/embedf8a8.json]
[demo.agnidesigns.com/fortune/demo1/wp-json/oembed/1.0/embed696c]
[demo.agnidesigns.com/fortune/demo1/wp-content/uploads/sites/2/2017/01/photo-1454817481404-7e84c1b73b4a.jpg]
[demo.agnidesigns.com/fortune/demo1/wp-content/uploads/sites/2/2017/01/blog-thumbnail-16-640x640.jpg]
[demo.agnidesigns.com/fortune/demo1/wp-content/uploads/sites/2/2017/01/blog-thumbnail-3-640x640.jpg]
[demo.agnidesigns.com/fortune/demo1/wp-content/uploads/sites/2/2017/01/blog-thumbnail-4-640x640.jpg]
[demo.agnidesigns.com/fortune/demo1/2016/12/05/10-things-new-york-lovers-could-only-understand/index.html]
[demo.agnidesigns.com/fortune/demo1/wp-content/uploads/sites/2/2017/01/blog-thumbnail-1-640x640.jpg]
[demo.agnidesigns.com/fortune/demo1/d1-blog/index.html]
[demo.agnidesigns.com/fortune/demo1/category/tips-tricks/index.html]
[demo.agnidesigns.com/fortune/demo1/2016/12/04/wildlife-could-be-amazing-see-why/index.html]
[demo.agnidesigns.com/fortune/demo1/category/business/index.html]
[demo.agnidesigns.com/fortune/demo1/wp-json/oembed/1.0/embedc2d2.json]
[demo.agnidesigns.com/fortune/demo1/2016/12/04/strange-things-that-make-you-wow/index.html]
[demo.agnidesigns.com/fortune/demo1/wp-json/oembed/1.0/embed55bd]
[demo.agnidesigns.com/fortune/demo1/category/lifestyle/index.html]
[demo.agnidesigns.com/fortune/demo1/wp-content/uploads/sites/2/2016/06/photo-1457369804613-52c61a468e7d.jpg]
[demo.agnidesigns.com/fortune/demo1/2016/12/03/six-things-wont-go-out-of-style/index.html]
[demo.agnidesigns.com/fortune/demo1/d1-contact/index.html]
[demo.agnidesigns.com/fortune/demo1/wp-content/themes/fortun/css/svg/ecommerce_diamond.svg]
[demo.agnidesigns.com/fortune/demo1/wp-json/oembed/1.0/embed3b1e.json]
[demo.agnidesigns.com/fortune/demo1/portfolio/sidebar-constrained/feed/index.html]
[demo.agnidesigns.com/fortune/demo1/wp-json/oembed/1.0/embed1fed]
[demo.agnidesigns.com/fortune/demo1/wp-content/uploads/sites/2/2016/12/917c6a38782899.576edf0b4099b.jpg]
[demo.agnidesigns.com/fortune/demo1/wp-content/uploads/sites/2/2016/12/676f2238782899.576edf0b3ece4.jpg]
[demo.agnidesigns.com/fortune/demo1/wp-content/uploads/sites/2/2016/12/2206eb38782899.576edf0b3f22d.jpg]
[demo.agnidesigns.com/fortune/demo1/wp-content/uploads/sites/2/2016/12/30809b38782899.576edf0b3f7e6.jpg]
[demo.agnidesigns.com/fortune/demo1/wp-content/uploads/sites/2/2016/12/1f8c3a38782899.576edf0b41415.jpg]
[demo.agnidesigns.com/fortune/demo1/wp-content/uploads/sites/2/2016/12/6215e538782899.576edf0b40e7a.jpg]
[demo.agnidesigns.com/fortune/demo1/wp-includes/js/comment-reply.min1f93.js]
[demo.agnidesigns.com/fortune/demo1/portfolio/sidebar-constrained/index.html]
[demo.agnidesigns.com/fortune/demo1/wp-json/oembed/1.0/embeddd42.json]
[demo.agnidesigns.com/fortune/demo1/portfolio/zigzag-constrained/feed/index.html]
[demo.agnidesigns.com/fortune/demo1/wp-json/oembed/1.0/embed1f2b]
[demo.agnidesigns.com/fortune/demo1/wp-content/uploads/sites/2/2016/12/77fce116049595.56353d9fe0641.jpg]
[demo.agnidesigns.com/fortune/demo1/wp-content/uploads/sites/2/2016/12/a4a6b116049595.56353d970e44f.jpg]
[demo.agnidesigns.com/fortune/demo1/wp-content/uploads/sites/2/2016/12/45993d16049595.56353d96a89fd.jpg]
[demo.agnidesigns.com/fortune/demo1/wp-content/uploads/sites/2/2016/12/e9590a16049595.56353d9146dbf.jpg]
[demo.agnidesigns.com/fortune/demo1/portfolio/zigzag-constrained/index.html]
[demo.agnidesigns.com/fortune/demo1/wp-json/oembed/1.0/embedcb82.json]
[demo.agnidesigns.com/fortune/demo1/portfolio/fullscreen-slider/feed/index.html]
[demo.agnidesigns.com/fortune/demo1/wp-json/oembed/1.0/embed1fa0]
[demo.agnidesigns.com/fortune/demo1/wp-content/uploads/sites/2/2016/12/b6386038765209.5851caca2b477.jpg]
[demo.agnidesigns.com/fortune/demo1/wp-content/uploads/sites/2/2016/12/3c845038765209.5851caca2d5be.jpg]
[demo.agnidesigns.com/fortune/demo1/wp-content/uploads/sites/2/2016/12/d7135738765209.5851caca2c254.jpg]
[demo.agnidesigns.com/fortune/demo1/wp-content/uploads/sites/2/2016/12/90f64738765209.5851caca2ae0a.jpg]
[demo.agnidesigns.com/fortune/demo1/portfolio/fullscreen-slider/index.html]
[demo.agnidesigns.com/fortune/demo1/portfolio/sidebar-gallery-fullwidth/feed/index.html]
[demo.agnidesigns.com/fortune/demo1/wp-json/oembed/1.0/embed5e06.json]
[demo.agnidesigns.com/fortune/demo1/portfolio/fullwidth-gallery/index.html]
[demo.agnidesigns.com/fortune/demo1/wp-json/oembed/1.0/embedef62]
[demo.agnidesigns.com/fortune/demo1/wp-content/uploads/sites/2/2016/12/df7a1c35914463.57082439623c9.jpg]
[demo.agnidesigns.com/fortune/demo1/wp-content/uploads/sites/2/2016/12/d8bd4b35914463.570829ad859c2.jpg]
[demo.agnidesigns.com/fortune/demo1/wp-content/uploads/sites/2/2016/12/66ec2235914463.5752f25b38d00.jpg]
[demo.agnidesigns.com/fortune/demo1/wp-content/uploads/sites/2/2016/12/a8754e35914463.5708243963e99.jpg]
[demo.agnidesigns.com/fortune/demo1/wp-content/uploads/sites/2/2016/12/38e22b35914463.5708243961da1.jpg]
[demo.agnidesigns.com/fortune/demo1/wp-content/uploads/sites/2/2016/12/8c4fb735914463.5708243961861.jpg]
[demo.agnidesigns.com/fortune/demo1/wp-content/uploads/sites/2/2016/12/54ee0335914463.5827268e05b05.jpg]
[demo.agnidesigns.com/fortune/demo1/wp-content/uploads/sites/2/2016/12/f7fd6435914463.5708243960c4c.jpg]
[demo.agnidesigns.com/fortune/demo1/portfolio/sidebar-gallery-fullwidth/index.html]
[demo.agnidesigns.com/fortune/demo1/wp-json/oembed/1.0/embed0e14.json]
[demo.agnidesigns.com/fortune/demo1/portfolio/fullwidth-carousel-vc-elements/feed/index.html]
[demo.agnidesigns.com/fortune/demo1/portfolio/fullwidth-grid-gallery/index.html]
[demo.agnidesigns.com/fortune/demo1/wp-json/oembed/1.0/embedc82a]
[demo.agnidesigns.com/fortune/demo1/wp-content/uploads/sites/2/2016/12/3b333647164187.587550273f0e7.jpg]
[demo.agnidesigns.com/fortune/demo1/wp-content/uploads/sites/2/2016/12/cce68e47164187.5875627d4a3a4.jpg]
[demo.agnidesigns.com/fortune/demo1/wp-content/uploads/sites/2/2016/12/eaa7fd47164187.58755bd9449af.jpg]
[demo.agnidesigns.com/fortune/demo1/wp-content/uploads/sites/2/2016/12/13279547164187.58752ff7cf721_1.jpg]
[demo.agnidesigns.com/fortune/demo1/wp-content/uploads/sites/2/2016/12/13279547164187.58752ff7cf721.jpg]
[demo.agnidesigns.com/fortune/demo1/portfolio/fullwidth-carousel-vc-elements/index.html]
[demo.agnidesigns.com/fortune/demo1/wp-json/oembed/1.0/embed8fd9.json]
[demo.agnidesigns.com/fortune/demo1/portfolio/fullwidth-media-constrained/feed/index.html]
[demo.agnidesigns.com/fortune/demo1/wp-json/oembed/1.0/embed2e59]
[demo.agnidesigns.com/fortune/demo1/wp-content/uploads/sites/2/2016/12/57875829338755.56a85f0956f98.jpg]
[demo.agnidesigns.com/fortune/demo1/wp-content/uploads/sites/2/2016/12/6e827329338755.55ee973a86427.jpg]
[demo.agnidesigns.com/fortune/demo1/wp-content/uploads/sites/2/2016/12/ccce4129338755.55ee973a8ce2c.jpg]
[demo.agnidesigns.com/fortune/demo1/wp-content/uploads/sites/2/2016/12/5e5ba329338755.56a85f0955a1e.jpg]
[demo.agnidesigns.com/fortune/demo1/wp-content/uploads/sites/2/2016/12/5e5ba329338755.56a85f0955a1e_1.jpg]
[demo.agnidesigns.com/fortune/demo1/portfolio/fullwidth-media-constrained/index.html]
[demo.agnidesigns.com/fortune/demo1/wp-content/themes/fortun/img/search.png]
[demo.agnidesigns.com/fortune/demo1/wp-content/themes/fortun/style.css]
[demo.agnidesigns.com/fortune/demo1/wp-content/themes/fortun/css/responsive.css]
[demo.agnidesigns.com/fortune/demo1/wp-content/themes/fortun/css/fonts/ionicons28b5.svg]
[demo.agnidesigns.com/fortune/demo1/wp-content/plugins/js_composer/assets/lib/bower/font-awesome/fonts/fontawesome-webfont5b62.html]
[demo.agnidesigns.com/fortune/demo1/wp-content/plugins/js_composer/assets/lib/bower/font-awesome/fonts/fontawesome-webfont5b62.svg]
[demo.agnidesigns.com/fortune/demo1/wp-content/themes/fortun/css/fonts/Pe-icon-7-strokebb1d.svg]
[demo.agnidesigns.com/fortune/demo1/wp-content/themes/fortun/css/fonts/Pe-icon-7-filled74da.svg]
[demo.agnidesigns.com/fortune/demo1/wp-content/themes/fortun/css/fonts/linea-arrows-10.svg]
[demo.agnidesigns.com/fortune/demo1/wp-content/themes/fortun/css/fonts/linea-basic-10.svg]
[demo.agnidesigns.com/fortune/demo1/wp-content/themes/fortun/css/fonts/linea-basic-elaboration-10.svg]
[demo.agnidesigns.com/fortune/demo1/wp-content/themes/fortun/css/fonts/linea-ecommerce-10.svg]
[demo.agnidesigns.com/fortune/demo1/wp-content/themes/fortun/css/fonts/linea-software-10.svg]
[demo.agnidesigns.com/fortune/demo1/wp-content/themes/fortun/css/fonts/linea-music-10.svg]
[demo.agnidesigns.com/fortune/demo1/wp-content/themes/fortun/css/fonts/linea-weather-10.svg]
[demo.agnidesigns.com/fortune/demo1/wp-content/themes/fortun/css/fonts/webfont-medical-icons.svg]
[demo.agnidesigns.com/fortune/demo1/wp-content/themes/fortun/css/owl.video.play.html]
[demo.agnidesigns.com/fortune/demo1/wp-content/plugins/js_composer/assets/fonts/vc_icons/fonts/VC-Icons8309.svg]
[demo.agnidesigns.com/fortune/demo1/wp-content/plugins/js_composer/assets/fonts/vc_grid/vc_grid_v157a1.svg]
[demo.agnidesigns.com/fortune/demo1/index3440.html]
[demo.agnidesigns.com/fortune/demo1/index3dc6.html]
[demo.agnidesigns.com/fortune/demo1/indexb702.html]
[demo.agnidesigns.com/fortune/demo1/wp-json/oembed/1.0/embed3ace.json]
[demo.agnidesigns.com/fortune/demo1/portfolio/fullwidth-constrained/feed/index.html]
[demo.agnidesigns.com/fortune/demo1/wp-json/oembed/1.0/embed5af1]
[demo.agnidesigns.com/fortune/demo1/wp-content/uploads/sites/2/2016/12/bfdc4c46278295.584eb7929b02b.jpg]
[demo.agnidesigns.com/fortune/demo1/wp-content/uploads/sites/2/2016/12/5ed6cc46278295.584eb7929b53c.jpg]
[demo.agnidesigns.com/fortune/demo1/wp-content/uploads/sites/2/2016/12/6b7d7844266523.583833360c1c5.jpg]
[demo.agnidesigns.com/fortune/demo1/wp-content/uploads/sites/2/2016/12/5a65d846278295.584eb7929ba11.jpg]
[demo.agnidesigns.com/fortune/demo1/wp-content/uploads/sites/2/2016/12/2efeba46278295.584eb7929ab1f.jpg]
[demo.agnidesigns.com/fortune/demo1/wp-content/uploads/sites/2/2016/12/18d3da44266523.582f26fe51c80.jpg]
[demo.agnidesigns.com/fortune/demo1/portfolio/fullwidth-constrained/index.html]
[demo.agnidesigns.com/fortune/demo1/wp-json/oembed/1.0/embedbdeb.json]
[demo.agnidesigns.com/fortune/demo1/portfolio/right-sidebar-fullwidth/feed/index.html]
[demo.agnidesigns.com/fortune/demo1/wp-json/oembed/1.0/embedd6c1]
[demo.agnidesigns.com/fortune/demo1/wp-content/uploads/sites/2/2016/12/9ee45547023019.586dafc98727a.jpg]
[demo.agnidesigns.com/fortune/demo1/wp-content/uploads/sites/2/2016/12/d251b647023019.586dafc988c99.jpg]
[demo.agnidesigns.com/fortune/demo1/wp-content/uploads/sites/2/2016/12/9ec72547023019.586dafc989947.jpg]
[demo.agnidesigns.com/fortune/demo1/portfolio/right-sidebar-fullwidth/index.html]
[demo.agnidesigns.com/fortune/demo1/wp-content/uploads/sites/2/2016/12/portfolio-thumbnail_30.jpg]
[demo.agnidesigns.com/fortune/demo1/d1-works/page/2/index.html]
[demo.agnidesigns.com/fortune/demo1/index5ff4.html]
[demo.agnidesigns.com/fortune/demo1/wp-json/oembed/1.0/embedba0b.json]
[demo.agnidesigns.com/fortune/demo1/2016/12/05/10-things-new-york-lovers-could-only-understand/feed/index.html]
[demo.agnidesigns.com/fortune/demo1/wp-json/oembed/1.0/embed6f7d]
[demo.agnidesigns.com/fortune/demo1/wp-content/uploads/sites/2/2017/01/blog-thumbnail-16.jpg]
[demo.agnidesigns.com/fortune/demo1/2016/12/05/10-things-new-york-lovers-could-only-understand/index.html]
[demo.agnidesigns.com/fortune/demo1/tag/happy/index.html]
[demo.agnidesigns.com/fortune/demo1/category/tips-tricks/index.html]
[demo.agnidesigns.com/fortune/demo1/tag/love/index.html]
[demo.agnidesigns.com/fortune/demo1/tag/memory/index.html]
[demo.agnidesigns.com/fortune/demo1/tag/web/index.html]
[demo.agnidesigns.com/fortune/demo1/wp-json/oembed/1.0/embedb330.json]
[demo.agnidesigns.com/fortune/demo1/2016/12/05/10-things-new-york-lovers-could-only-understand/indexb951.html]
[demo.agnidesigns.com/fortune/demo1/wp-json/oembed/1.0/embedd705]
[demo.agnidesigns.com/fortune/demo1/2016/12/05/10-things-new-york-lovers-could-only-understand/index5a86.html]
[demo.agnidesigns.com/fortune/demo1/wp-content/uploads/sites/2/2017/01/blog-thumbnail-3-960x720.jpg]
[demo.agnidesigns.com/fortune/demo1/2016/12/04/wildlife-could-be-amazing-see-why/index.html]
[demo.agnidesigns.com/fortune/demo1/category/tips-tricks/feed/index.html]
[demo.agnidesigns.com/fortune/demo1/2016/12/04/wildlife-could-be-amazing-see-why/feed/index.html]
[demo.agnidesigns.com/fortune/demo1/wp-content/uploads/sites/2/2017/01/blog-thumbnail-1-960x641.jpg]
[demo.agnidesigns.com/fortune/demo1/2016/12/04/wildlife-could-be-amazing-see-why/indexa82a.html]
[demo.agnidesigns.com/fortune/demo1/category/business/index.html]
[demo.agnidesigns.com/fortune/demo1/category/business/feed/index.html]
[demo.agnidesigns.com/fortune/demo1/category/business/page/2/index.html]
[demo.agnidesigns.com/fortune/demo1/wp-json/oembed/1.0/embed2d21.json]
[demo.agnidesigns.com/fortune/demo1/2016/12/04/strange-things-that-make-you-wow/feed/index.html]
[demo.agnidesigns.com/fortune/demo1/wp-json/oembed/1.0/embed437c]
[demo.agnidesigns.com/fortune/demo1/wp-content/uploads/sites/2/2017/01/blog-thumbnail-4-960x1440.jpg]
[demo.agnidesigns.com/fortune/demo18/wp-content/uploads/sites/19/2016/12/blog-thumbnail-2-300x200.jpg]
[demo.agnidesigns.com/fortune/demo1/2016/12/04/strange-things-that-make-you-wow/index.html]
[demo.agnidesigns.com/fortune/demo1/wp-content/uploads/sites/2/2017/01/blog-thumbnail-8-960x636.jpg]
[demo.agnidesigns.com/fortune/demo1/category/lifestyle/index.html]
[demo.agnidesigns.com/fortune/demo1/category/lifestyle/feed/index.html]
[demo.agnidesigns.com/fortune/demo1/2016/12/03/10-things-would-say-if-youre-a-designer-2/index.html]
[demo.agnidesigns.com/fortune/demo1/category/nature/index.html]
[demo.agnidesigns.com/fortune/demo1/wp-json/oembed/1.0/embed5991.json]
[demo.agnidesigns.com/fortune/demo1/2016/12/03/six-things-wont-go-out-of-style/feed/index.html]
[demo.agnidesigns.com/fortune/demo1/2016/12/03/six-things-wont-go-out-of-style/index.html]
[demo.agnidesigns.com/fortune/demo1/wp-json/oembed/1.0/embed4fa7]
[demo.agnidesigns.com/fortune/demo1/index6543.html]
[demo.agnidesigns.com/fortune/demo1/2016/12/03/six-things-wont-go-out-of-style/index267f.html]
[demo.agnidesigns.com/fortune/demo1/2016/12/03/six-things-wont-go-out-of-style/index41b7.html]
[demo.agnidesigns.com/fortune/demo1/indexa9e1.html]
[demo.agnidesigns.com/fortune/demo1/indexbdc9.html]
[demo.agnidesigns.com/fortune/demo1/indexef92.html]
[demo.agnidesigns.com/fortune/demo1/2016/12/03/six-things-wont-go-out-of-style/index94a5.html]
[demo.agnidesigns.com/fortune/demo1/wp-json/oembed/1.0/embed2032.json]
[demo.agnidesigns.com/fortune/demo1/portfolio/fullwidth-gallery/feed/index.html]
[demo.agnidesigns.com/fortune/demo1/wp-content/uploads/sites/2/2016/12/ac3e9824658927.5636249af3c36.jpg]
[demo.agnidesigns.com/fortune/demo1/wp-json/oembed/1.0/embed7298]
[demo.agnidesigns.com/fortune/demo1/wp-content/uploads/sites/2/2016/12/077ba224658927.56362497e5e24.jpg]
[demo.agnidesigns.com/fortune/demo1/wp-content/uploads/sites/2/2016/12/9c803124658927.5636249aa4888.jpg]
[demo.agnidesigns.com/fortune/demo1/wp-content/uploads/sites/2/2016/12/d5c95e24658927.56362499c6e51.jpg]
[demo.agnidesigns.com/fortune/demo1/portfolio/fullwidth-gallery/index.html]
[demo.agnidesigns.com/fortune/demo1/indexca7f.html]
[demo.agnidesigns.com/fortune/demo1/wp-json/oembed/1.0/embedc0e7.json]
[demo.agnidesigns.com/fortune/demo1/portfolio/fullwidth-grid-gallery/feed/index.html]
[demo.agnidesigns.com/fortune/demo1/wp-json/oembed/1.0/embed168e]
[demo.agnidesigns.com/fortune/demo1/wp-content/uploads/sites/2/2016/12/b90d8035914463.57c3cec58563a.jpg]
[demo.agnidesigns.com/fortune/demo1/portfolio/fullwidth-grid-gallery/index.html]
[demo.agnidesigns.com/fortune/demo1/index4ef8.html]
[demo.agnidesigns.com/fortune/demo1/index258b.html]
[demo.agnidesigns.com/fortune/demo1/index90b2.html]
[demo.agnidesigns.com/fortune/demo1/index2b8b.html]
[demo.agnidesigns.com/fortune/demo1/d1-works/page/1/index.html]
[demo.agnidesigns.com/fortune/demo1/indexcbb6.html]
[demo.agnidesigns.com/fortune/demo1/tag/happy/index.html]
[demo.agnidesigns.com/fortune/demo1/tag/happy/feed/index.html]
[demo.agnidesigns.com/fortune/demo1/tag/love/index.html]
[demo.agnidesigns.com/fortune/demo1/tag/love/feed/index.html]
[demo.agnidesigns.com/fortune/demo1/tag/memory/index.html]
[demo.agnidesigns.com/fortune/demo1/tag/memory/feed/index.html]
[demo.agnidesigns.com/fortune/demo1/tag/web/index.html]
[demo.agnidesigns.com/fortune/demo1/2016/12/05/10-things-new-york-lovers-could-only-understand/indexb951.html]
[demo.agnidesigns.com/fortune/demo1/2016/12/05/10-things-new-york-lovers-could-only-understand/index5a86.html]
[demo.agnidesigns.com/fortune/demo1/index4170.html]
[demo.agnidesigns.com/fortune/demo1/2016/12/04/wildlife-could-be-amazing-see-why/indexa82a.html]
[demo.agnidesigns.com/fortune/demo1/category/business/page/2/index.html]
[demo.agnidesigns.com/fortune/demo1/index88b9.html]
[demo.agnidesigns.com/fortune/demo1/tag/web/feed/index.html]
[demo.agnidesigns.com/fortune/demo1/2016/12/03/10-things-would-say-if-youre-a-designer-2/feed/index.html]
[demo.agnidesigns.com/fortune/demo1/wp-json/oembed/1.0/embed161a.json]
[demo.agnidesigns.com/fortune/demo1/wp-json/oembed/1.0/embed73d8]
[demo.agnidesigns.com/fortune/demo18/wp-content/uploads/sites/19/2016/12/ezsm8xrjnx0-nordwood-themes.jpg]
[demo.agnidesigns.com/fortune/demo18/wp-content/uploads/sites/19/2016/12/blog-thumbnail-5-300x200.jpg]
[demo.agnidesigns.com/fortune/demo1/2016/12/03/10-things-would-say-if-youre-a-designer-2/index.html]
[demo.agnidesigns.com/fortune/demo1/category/nature/index.html]
[demo.agnidesigns.com/fortune/demo1/tag/fun/index.html]
[demo.agnidesigns.com/fortune/demo1/index5831.html]
[demo.agnidesigns.com/fortune/demo1/tag/holiday/index.html]
[demo.agnidesigns.com/fortune/demo1/2016/12/03/six-things-wont-go-out-of-style/index267f.html]
[demo.agnidesigns.com/fortune/demo1/2016/12/03/six-things-wont-go-out-of-style/index41b7.html]
[demo.agnidesigns.com/fortune/demo1/2016/12/03/six-things-wont-go-out-of-style/index94a5.html]
[demo.agnidesigns.com/fortune/demo1/index7aeb.html]
[demo.agnidesigns.com/fortune/demo1/indexcb8c.html]
[demo.agnidesigns.com/fortune/demo1/index0b69.html]
[demo.agnidesigns.com/fortune/demo1/tag/life/index.html]
[demo.agnidesigns.com/fortune/demo1/category/nature/feed/index.html]
[demo.agnidesigns.com/fortune/demo1/tag/fun/index.html]
[demo.agnidesigns.com/fortune/demo1/tag/holiday/index.html]
[demo.agnidesigns.com/fortune/demo1/tag/life/index.html]
[demo.agnidesigns.com/fortune/demo1/tag/holiday/feed/index.html]
[demo.agnidesigns.com/fortune/demo1/tag/fun/feed/index.html]
[demo.agnidesigns.com/fortune/demo1/tag/life/feed/index.html]
