[demo.agnidesigns.com/fortune/demo14/index.html]
[backblue.gif]
[fade.gif]
[index.html]
[demo.agnidesigns.com/fortune/demo14/feed/index.html]
[demo.agnidesigns.com/fortune/demo14/wp-content/plugins/contact-form-7/includes/css/stylesc1f9.css]
[demo.agnidesigns.com/fortune/demo14/comments/feed/index.html]
[demo.agnidesigns.com/fortune/demo14/wp-content/themes/fortun-child/style1f93.css]
[demo.agnidesigns.com/fortune/demo14/wp-content/themes/fortun/css/ionicons.min7406.css]
[demo.agnidesigns.com/fortune/demo14/wp-content/plugins/js_composer/assets/lib/bower/font-awesome/css/font-awesome.min972f.css]
[demo.agnidesigns.com/fortune/demo14/wp-content/themes/fortun/css/Pe-icon-7-stroke.min7359.css]
[demo.agnidesigns.com/fortune/demo14/wp-content/themes/fortun/css/Pe-icon-7-filled.min7359.css]
[demo.agnidesigns.com/fortune/demo14/wp-content/themes/fortun/css/linea-arrows.min5152.css]
[demo.agnidesigns.com/fortune/demo14/wp-content/themes/fortun/css/linea-basic.min5152.css]
[demo.agnidesigns.com/fortune/demo14/wp-content/themes/fortun/css/linea-elaboration.min5152.css]
[demo.agnidesigns.com/fortune/demo14/wp-content/themes/fortun/css/linea-ecommerce.min5152.css]
[demo.agnidesigns.com/fortune/demo14/wp-content/themes/fortun/css/linea-software.min5152.css]
[demo.agnidesigns.com/fortune/demo14/wp-content/themes/fortun/css/linea-music.min5152.css]
[demo.agnidesigns.com/fortune/demo14/wp-content/themes/fortun/css/linea-weather.min5152.css]
[demo.agnidesigns.com/fortune/demo14/wp-content/themes/fortun/css/wfmi-style.min5152.css]
[demo.agnidesigns.com/fortune/demo14/wp-content/themes/fortun/css/fortune-plugins1f93.css]
[demo.agnidesigns.com/fortune/demo14/wp-content/themes/fortun/css/fortune1f93.css]
[demo.agnidesigns.com/fortune/demo14/wp-content/themes/fortun-child/style5152.css]
[demo.agnidesigns.com/fortune/demo14/wp-content/themes/fortun/css/demo145152.css]
[demo.agnidesigns.com/fortune/demo14/wp-content/themes/fortun/css/responsive5152.css]
[demo.agnidesigns.com/fortune/demo14/wp-content/plugins/js_composer/assets/css/js_composer.min972f.css]
[demo.agnidesigns.com/fortune/demo14/wp-includes/js/jquery/jqueryb8ff.js]
[demo.agnidesigns.com/fortune/demo14/xmlrpc0db0.php]
[demo.agnidesigns.com/fortune/demo14/wp-includes/wlwmanifest.xml]
[demo.agnidesigns.com/fortune/demo14/wp-json/index.html]
[demo.agnidesigns.com/fortune/demo14/wp-json/oembed/1.0/embed379d.json]
[demo.agnidesigns.com/fortune/demo14/wp-includes/js/jquery/jquery-migrate.min330a.js]
[demo.agnidesigns.com/fortune/demo14/wp-json/oembed/1.0/embedbf0e]
[demo.agnidesigns.com/fortune/demo14/wp-content/uploads/sites/15/2017/03/fortune-logo.png]
[demo.agnidesigns.com/fortune/demo14/wp-content/uploads/sites/15/2017/03/fortune-logo_white.png]
[demo.agnidesigns.com/fortune/demo14/wp-content/uploads/sites/15/2016/12/shutterstock_521540146.jpg]
[demo.agnidesigns.com/fortune/demo14/d14-company/index.html]
[demo.agnidesigns.com/fortune/demo14/wp-content/uploads/sites/15/2016/09/shutterstock_389737420.jpg]
[demo.agnidesigns.com/fortune/demo14/d14-case-studies/index.html]
[demo.agnidesigns.com/fortune/demo14/d14-services/index.html]
[demo.agnidesigns.com/fortune/demo14/wp-content/uploads/sites/15/2016/09/shutterstock_524844595.jpg]
[demo.agnidesigns.com/fortune/demo14/service-single-page/index.html]
[demo.agnidesigns.com/fortune/demo14/d14-contact-us/index.html]
[demo.agnidesigns.com/fortune/demo14/wp-content/uploads/sites/15/2016/09/shutterstock_346152977.jpg]
[demo.agnidesigns.com/fortune/demo14/wp-content/uploads/sites/15/2016/09/testimonial_11.jpg]
[demo.agnidesigns.com/fortune/demo14/wp-content/uploads/sites/15/2016/09/testimonial_12.jpg]
[demo.agnidesigns.com/fortune/demo14/wp-content/uploads/sites/15/2016/09/testimonial_10.jpg]
[demo.agnidesigns.com/fortune/demo14/wp-content/uploads/sites/15/2016/09/shutterstock_391278748.jpg]
[demo.agnidesigns.com/fortune/demo14/wp-content/uploads/sites/15/2016/12/38e22b35914463.5708243961da1-150x150.jpg]
[demo.agnidesigns.com/fortune/demo14/wp-content/uploads/sites/15/2016/12/portfolio-thumbnail_24-150x150.jpg]
[demo.agnidesigns.com/fortune/demo14/portfolio/fullwidth-grid-gallery/index.html]
[www.google-analytics.com/analytics.js]
[demo.agnidesigns.com/fortune/demo14/wp-content/plugins/contact-form-7/includes/js/jquery.form.mind03d.js]
[demo.agnidesigns.com/fortune/demo14/portfolio/fullwidth-carousel-vc-elements/index.html]
[demo.agnidesigns.com/fortune/demo14/wp-content/plugins/contact-form-7/includes/js/scriptsc1f9.js]
[demo.agnidesigns.com/fortune/demo14/wp-includes/js/wp-embed.min1f93.js]
[demo.agnidesigns.com/fortune/demo14/index.html]
[demo.agnidesigns.com/fortune/demo14/xmlrpc.php]
[demo.agnidesigns.com/fortune/demo14/wp-content/plugins/contact-form-7/includes/css/stylesc1f9.css]
[demo.agnidesigns.com/fortune/demo14/wp-content/plugins/js_composer/assets/js/dist/js_composer_front.min972f.js]
[demo.agnidesigns.com/fortune/demo14/wp-content/themes/fortun/js/script5152.js]
[demo.agnidesigns.com/fortune/demo14/wp-content/themes/fortun/style.css]
[demo.agnidesigns.com/fortune/demo14/wp-content/themes/fortun/css/responsive.css]
[demo.agnidesigns.com/fortune/demo14/wp-content/themes/fortun-child/style1f93.css]
[demo.agnidesigns.com/fortune/demo14/wp-content/themes/fortun/css/fonts/ionicons28b5.eot]
[demo.agnidesigns.com/fortune/demo14/wp-content/themes/fortun/css/fonts/ionicons28b5.ttf]
[demo.agnidesigns.com/fortune/demo14/wp-content/themes/fortun/css/fonts/ionicons28b5.woff]
[demo.agnidesigns.com/fortune/demo14/wp-content/themes/fortun/js/fortune-plugins5152.js]
[demo.agnidesigns.com/fortune/demo14/wp-content/themes/fortun/css/ionicons.min7406.css]
[demo.agnidesigns.com/fortune/demo14/wp-content/plugins/js_composer/assets/lib/bower/font-awesome/fonts/fontawesome-webfont5b62.eot]
[demo.agnidesigns.com/fortune/demo14/wp-content/plugins/js_composer/assets/lib/bower/font-awesome/fonts/fontawesome-webfontd41d.eot]
[demo.agnidesigns.com/fortune/demo14/wp-content/plugins/js_composer/assets/lib/bower/font-awesome/fonts/fontawesome-webfont5b62.woff]
[demo.agnidesigns.com/fortune/demo14/wp-content/plugins/js_composer/assets/lib/bower/font-awesome/fonts/fontawesome-webfont5b62.ttf]
[demo.agnidesigns.com/fortune/demo14/wp-content/plugins/js_composer/assets/lib/bower/font-awesome/css/font-awesome.min972f.css]
[demo.agnidesigns.com/fortune/demo14/wp-content/themes/fortun/css/fonts/Pe-icon-7-strokebb1d.eot]
[demo.agnidesigns.com/fortune/demo14/wp-content/themes/fortun/css/fonts/Pe-icon-7-stroked41d.eot]
[demo.agnidesigns.com/fortune/demo14/wp-content/themes/fortun/css/fonts/Pe-icon-7-strokebb1d.woff]
[demo.agnidesigns.com/fortune/demo14/wp-content/themes/fortun/css/fonts/Pe-icon-7-strokebb1d.ttf]
[demo.agnidesigns.com/fortune/demo14/wp-content/themes/fortun/css/Pe-icon-7-stroke.min7359.css]
[demo.agnidesigns.com/fortune/demo14/wp-content/themes/fortun/css/fonts/Pe-icon-7-filled74da.eot]
[demo.agnidesigns.com/fortune/demo14/wp-content/themes/fortun/css/fonts/Pe-icon-7-filledd41d.eot]
[demo.agnidesigns.com/fortune/demo14/wp-content/themes/fortun/css/fonts/Pe-icon-7-filled74da.woff]
[demo.agnidesigns.com/fortune/demo14/wp-content/themes/fortun/css/fonts/Pe-icon-7-filled74da.ttf]
[demo.agnidesigns.com/fortune/demo14/wp-content/themes/fortun/css/Pe-icon-7-filled.min7359.css]
[demo.agnidesigns.com/fortune/demo14/wp-content/themes/fortun/css/fonts/linea-arrows-10.eot]
[demo.agnidesigns.com/fortune/demo14/wp-content/themes/fortun/css/fonts/linea-arrows-10.woff]
[demo.agnidesigns.com/fortune/demo14/wp-content/themes/fortun/css/fonts/linea-arrows-10d41d.eot]
[demo.agnidesigns.com/fortune/demo14/wp-content/themes/fortun/css/fonts/linea-arrows-10.ttf]
[demo.agnidesigns.com/fortune/demo14/wp-content/themes/fortun/css/linea-arrows.min5152.css]
[demo.agnidesigns.com/fortune/demo14/wp-content/themes/fortun/css/fonts/linea-basic-10.eot]
[demo.agnidesigns.com/fortune/demo14/wp-content/themes/fortun/css/fonts/linea-basic-10.woff]
[demo.agnidesigns.com/fortune/demo14/wp-content/themes/fortun/css/fonts/linea-basic-10d41d.eot]
[demo.agnidesigns.com/fortune/demo14/wp-content/themes/fortun/css/fonts/linea-basic-10.ttf]
[demo.agnidesigns.com/fortune/demo14/wp-content/themes/fortun/css/linea-basic.min5152.css]
[demo.agnidesigns.com/fortune/demo14/wp-content/themes/fortun/css/fonts/linea-basic-elaboration-10.eot]
[demo.agnidesigns.com/fortune/demo14/wp-content/themes/fortun/css/fonts/linea-basic-elaboration-10.woff]
[demo.agnidesigns.com/fortune/demo14/wp-content/themes/fortun/css/fonts/linea-basic-elaboration-10d41d.eot]
[demo.agnidesigns.com/fortune/demo14/wp-content/themes/fortun/css/fonts/linea-basic-elaboration-10.ttf]
[demo.agnidesigns.com/fortune/demo14/wp-content/themes/fortun/css/linea-elaboration.min5152.css]
[demo.agnidesigns.com/fortune/demo14/wp-content/themes/fortun/css/fonts/linea-ecommerce-10.eot]
[demo.agnidesigns.com/fortune/demo14/wp-content/themes/fortun/css/fonts/linea-ecommerce-10.woff]
[demo.agnidesigns.com/fortune/demo14/wp-content/themes/fortun/css/fonts/linea-ecommerce-10d41d.eot]
[demo.agnidesigns.com/fortune/demo14/wp-content/themes/fortun/css/fonts/linea-ecommerce-10.ttf]
[demo.agnidesigns.com/fortune/demo14/wp-content/themes/fortun/css/linea-ecommerce.min5152.css]
[demo.agnidesigns.com/fortune/demo14/wp-content/themes/fortun/css/fonts/linea-software-10.eot]
[demo.agnidesigns.com/fortune/demo14/wp-content/themes/fortun/css/fonts/linea-software-10.woff]
[demo.agnidesigns.com/fortune/demo14/wp-content/themes/fortun/css/fonts/linea-software-10d41d.eot]
[demo.agnidesigns.com/fortune/demo14/wp-content/themes/fortun/css/fonts/linea-software-10.ttf]
[demo.agnidesigns.com/fortune/demo14/wp-content/themes/fortun/css/linea-software.min5152.css]
[demo.agnidesigns.com/fortune/demo14/wp-content/themes/fortun/css/fonts/linea-music-10.eot]
[demo.agnidesigns.com/fortune/demo14/wp-content/themes/fortun/css/fonts/linea-music-10.woff]
[demo.agnidesigns.com/fortune/demo14/wp-content/themes/fortun/css/fonts/linea-music-10d41d.eot]
[demo.agnidesigns.com/fortune/demo14/wp-content/themes/fortun/css/fonts/linea-music-10.ttf]
[demo.agnidesigns.com/fortune/demo14/wp-content/themes/fortun/css/linea-music.min5152.css]
[demo.agnidesigns.com/fortune/demo14/wp-content/themes/fortun/css/fonts/linea-weather-10.eot]
[demo.agnidesigns.com/fortune/demo14/wp-content/themes/fortun/css/fonts/linea-weather-10d41d.eot]
[demo.agnidesigns.com/fortune/demo14/wp-content/themes/fortun/css/fonts/linea-weather-10.woff]
[demo.agnidesigns.com/fortune/demo14/wp-content/themes/fortun/css/fonts/linea-weather-10.ttf]
[demo.agnidesigns.com/fortune/demo14/wp-content/themes/fortun/css/linea-weather.min5152.css]
[demo.agnidesigns.com/fortune/demo14/wp-content/themes/fortun/css/fonts/webfont-medical-icons.eot]
[demo.agnidesigns.com/fortune/demo14/wp-content/themes/fortun/css/fonts/webfont-medical-icons.ttf]
[demo.agnidesigns.com/fortune/demo14/wp-content/themes/fortun/css/fonts/webfont-medical-iconsd41d.eot]
[demo.agnidesigns.com/fortune/demo14/wp-content/themes/fortun/css/fonts/webfont-medical-icons.woff]
[demo.agnidesigns.com/fortune/demo14/wp-content/themes/fortun/css/wfmi-style.min5152.css]
[demo.agnidesigns.com/fortune/demo14/wp-content/themes/fortun/css/fortune-plugins1f93.css]
[demo.agnidesigns.com/fortune/demo14/wp-content/themes/fortun/css/fortune1f93.css]
[demo.agnidesigns.com/fortune/demo14/wp-content/themes/fortun-child/style5152.css]
[demo.agnidesigns.com/fortune/demo14/wp-content/themes/fortun/css/demo145152.css]
[demo.agnidesigns.com/fortune/demo14/wp-content/themes/fortun/css/responsive5152.css]
[demo.agnidesigns.com/fortune/demo14/wp-content/plugins/js_composer/assets/vc/alert.png]
[demo.agnidesigns.com/fortune/demo14/wp-content/plugins/js_composer/assets/vc/info.png]
[demo.agnidesigns.com/fortune/demo14/wp-content/plugins/js_composer/assets/vc/tick.png]
[demo.agnidesigns.com/fortune/demo14/wp-content/plugins/js_composer/assets/vc/exclamation.png]
[demo.agnidesigns.com/fortune/demo14/wp-content/plugins/js_composer/assets/images/icons/address-book.png]
[demo.agnidesigns.com/fortune/demo14/wp-content/plugins/js_composer/assets/images/icons/alarm-clock.png]
[demo.agnidesigns.com/fortune/demo14/wp-content/plugins/js_composer/assets/images/icons/anchor.png]
[demo.agnidesigns.com/fortune/demo14/wp-content/plugins/js_composer/assets/images/icons/application-image.png]
[demo.agnidesigns.com/fortune/demo14/wp-content/plugins/js_composer/assets/images/icons/arrow.png]
[demo.agnidesigns.com/fortune/demo14/wp-content/plugins/js_composer/assets/images/icons/asterisk.png]
[demo.agnidesigns.com/fortune/demo14/wp-content/plugins/js_composer/assets/images/icons/auction-hammer.png]
[demo.agnidesigns.com/fortune/demo14/wp-content/plugins/js_composer/assets/images/icons/balloon.png]
[demo.agnidesigns.com/fortune/demo14/wp-content/plugins/js_composer/assets/images/icons/balloon-buzz.png]
[demo.agnidesigns.com/fortune/demo14/wp-content/plugins/js_composer/assets/images/icons/balloon-facebook.png]
[demo.agnidesigns.com/fortune/demo14/wp-content/plugins/js_composer/assets/images/icons/balloon-twitter.png]
[demo.agnidesigns.com/fortune/demo14/wp-content/plugins/js_composer/assets/images/icons/battery-full.png]
[demo.agnidesigns.com/fortune/demo14/wp-content/plugins/js_composer/assets/images/icons/binocular.png]
[demo.agnidesigns.com/fortune/demo14/wp-content/plugins/js_composer/assets/images/icons/blue-document-excel.png]
[demo.agnidesigns.com/fortune/demo14/wp-content/plugins/js_composer/assets/images/icons/blue-document-image.png]
[demo.agnidesigns.com/fortune/demo14/wp-content/plugins/js_composer/assets/images/icons/blue-document-music.png]
[demo.agnidesigns.com/fortune/demo14/wp-content/plugins/js_composer/assets/images/icons/blue-document-office.png]
[demo.agnidesigns.com/fortune/demo14/wp-content/plugins/js_composer/assets/images/icons/blue-document-pdf.png]
[demo.agnidesigns.com/fortune/demo14/wp-content/plugins/js_composer/assets/images/icons/blue-document-powerpoint.png]
[demo.agnidesigns.com/fortune/demo14/wp-content/plugins/js_composer/assets/images/icons/blue-document-word.png]
[demo.agnidesigns.com/fortune/demo14/wp-content/plugins/js_composer/assets/images/icons/bookmark.png]
[demo.agnidesigns.com/fortune/demo14/wp-content/plugins/js_composer/assets/images/icons/camcorder.png]
[demo.agnidesigns.com/fortune/demo14/wp-content/plugins/js_composer/assets/images/icons/camera.png]
[demo.agnidesigns.com/fortune/demo14/wp-content/plugins/js_composer/assets/images/icons/chart.png]
[demo.agnidesigns.com/fortune/demo14/wp-content/plugins/js_composer/assets/images/icons/chart-pie.png]
[demo.agnidesigns.com/fortune/demo14/wp-content/plugins/js_composer/assets/images/icons/clock.png]
[demo.agnidesigns.com/fortune/demo14/wp-content/plugins/js_composer/assets/images/icons/control.png]
[demo.agnidesigns.com/fortune/demo14/wp-content/plugins/js_composer/assets/images/icons/fire.png]
[demo.agnidesigns.com/fortune/demo14/wp-content/plugins/js_composer/assets/images/icons/heart.png]
[demo.agnidesigns.com/fortune/demo14/wp-content/plugins/js_composer/assets/images/icons/mail.png]
[demo.agnidesigns.com/fortune/demo14/wp-content/plugins/js_composer/assets/images/icons/plus-shield.png]
[demo.agnidesigns.com/fortune/demo14/wp-content/plugins/js_composer/assets/images/icons/video.png]
[demo.agnidesigns.com/fortune/demo14/wp-content/plugins/js_composer/assets/fonts/vc_icons/fonts/VC-Icons8309.ttf]
[demo.agnidesigns.com/fortune/demo14/wp-content/plugins/js_composer/assets/fonts/vc_icons/fonts/VC-Icons8309.woff]
[demo.agnidesigns.com/fortune/demo14/wp-content/plugins/js_composer/assets/images/toggle_open.png]
[demo.agnidesigns.com/fortune/demo14/wp-content/plugins/js_composer/assets/images/toggle_close.png]
[demo.agnidesigns.com/fortune/demo14/wp-content/plugins/js_composer/assets/images/flickr.png]
[demo.agnidesigns.com/fortune/demo14/wp-content/plugins/js_composer/assets/fonts/vc_grid/vc_grid_v157a1.eot]
[demo.agnidesigns.com/fortune/demo14/wp-content/plugins/js_composer/assets/fonts/vc_grid/vc_grid_v1d41d.eot]
[demo.agnidesigns.com/fortune/demo14/wp-content/plugins/js_composer/assets/fonts/vc_grid/vc_grid_v157a1.woff]
[demo.agnidesigns.com/fortune/demo14/wp-content/plugins/js_composer/assets/fonts/vc_grid/vc_grid_v157a1.ttf]
[demo.agnidesigns.com/fortune/demo14/wp-content/plugins/js_composer/assets/css/js_composer.min972f.css]
[demo.agnidesigns.com/fortune/demo14/wp-json/oembed/1.0/embed3b4b.json]
[demo.agnidesigns.com/fortune/demo14/wp-json/oembed/1.0/embed13eb]
[demo.agnidesigns.com/fortune/demo14/wp-content/uploads/sites/15/2016/12/shutterstock_511307368.jpg]
[demo.agnidesigns.com/fortune/demo14/wp-content/uploads/sites/15/2016/09/shutterstock_511307179.jpg]
[demo.agnidesigns.com/fortune/demo14/wp-content/uploads/sites/15/2017/01/member_44.jpg]
[demo.agnidesigns.com/fortune/demo14/wp-content/uploads/sites/15/2017/01/member_42.jpg]
[demo.agnidesigns.com/fortune/demo14/wp-content/uploads/sites/15/2017/01/member_35.jpg]
[demo.agnidesigns.com/fortune/demo14/wp-content/uploads/sites/15/2016/09/shutterstock_521540167.jpg]
[demo.agnidesigns.com/fortune/demo14/wp-content/uploads/sites/15/2016/09/mailchimp.png]
[demo.agnidesigns.com/fortune/demo14/wp-content/uploads/sites/15/2016/09/envato.png]
[demo.agnidesigns.com/fortune/demo14/wp-content/uploads/sites/15/2016/09/netflix.png]
[demo.agnidesigns.com/fortune/demo14/wp-content/uploads/sites/15/2016/09/airbnb.png]
[demo.agnidesigns.com/fortune/demo14/wp-content/uploads/sites/15/2016/09/wordpress.png]
[demo.agnidesigns.com/fortune/demo14/wp-content/uploads/sites/15/2016/09/jquery.png]
[demo.agnidesigns.com/fortune/demo14/wp-content/uploads/sites/15/2016/09/github.png]
[demo.agnidesigns.com/fortune/demo14/wp-content/uploads/sites/15/2016/09/google.png]
[demo.agnidesigns.com/fortune/demo14/d14-company/index.html]
[demo.agnidesigns.com/fortune/demo14/wp-json/oembed/1.0/embedf2a6.json]
[demo.agnidesigns.com/fortune/demo14/wp-json/oembed/1.0/embed33f6]
[demo.agnidesigns.com/fortune/demo14/wp-content/uploads/sites/15/2016/09/shutterstock_511304944.jpg]
[demo.agnidesigns.com/fortune/demo14/wp-content/uploads/sites/15/2016/12/38e22b35914463.5708243961da1-600x450.jpg]
[demo.agnidesigns.com/fortune/demo14/wp-content/uploads/sites/15/2016/12/portfolio-thumbnail_24-600x450.jpg]
[demo.agnidesigns.com/fortune/demo14/wp-content/uploads/sites/15/2016/12/portfolio-thumbnail_28-600x450.jpg]
[demo.agnidesigns.com/fortune/demo14/wp-content/uploads/sites/15/2016/12/portfolio-thumbnail_30-600x450.jpg]
[demo.agnidesigns.com/fortune/demo14/portfolio/fullwidth-media-constrained/index.html]
[demo.agnidesigns.com/fortune/demo14/wp-content/uploads/sites/15/2016/12/portfolio-thumbnail_23-600x450.jpg]
[demo.agnidesigns.com/fortune/demo14/portfolio/fullwidth-gallery/index.html]
[demo.agnidesigns.com/fortune/demo14/wp-content/uploads/sites/15/2016/12/portfolio-thumbnail_26-600x450.jpg]
[demo.agnidesigns.com/fortune/demo14/d14-case-studies/index.html]
[demo.agnidesigns.com/fortune/demo14/portfolio/sidebar-gallery-fullwidth/index.html]
[demo.agnidesigns.com/fortune/demo14/portfolio/zigzag-constrained/index.html]
[demo.agnidesigns.com/fortune/demo14/wp-json/oembed/1.0/embed724a.json]
[demo.agnidesigns.com/fortune/demo14/d14-case-studies/page/2/index.html]
[demo.agnidesigns.com/fortune/demo14/d14-services/index.html]
[demo.agnidesigns.com/fortune/demo14/wp-json/oembed/1.0/embed9fd4]
[demo.agnidesigns.com/fortune/demo14/wp-json/oembed/1.0/embedca7b.json]
[demo.agnidesigns.com/fortune/demo14/service-single-page/index.html]
[demo.agnidesigns.com/fortune/demo14/wp-json/oembed/1.0/embedd139]
[demo.agnidesigns.com/fortune/demo14/wp-json/oembed/1.0/embed4ede.json]
[demo.agnidesigns.com/fortune/demo14/wp-json/oembed/1.0/embed5cfc]
[demo.agnidesigns.com/fortune/demo14/wp-content/uploads/sites/15/2016/09/shutterstock_97467635.jpg]
[demo.agnidesigns.com/fortune/demo14/wp-content/uploads/sites/15/2016/09/shutterstock_379915576.jpg]
[demo.agnidesigns.com/fortune/demo14/d14-contact-us/index.html]
[demo.agnidesigns.com/fortune/demo14/wp-json/oembed/1.0/embed5333.json]
[demo.agnidesigns.com/fortune/demo14/portfolio/fullwidth-grid-gallery/feed/index.html]
[demo.agnidesigns.com/fortune/demo14/wp-json/oembed/1.0/embed45f3]
[demo.agnidesigns.com/fortune/demo14/wp-content/uploads/sites/15/2016/12/a8754e35914463.5708243963e99.jpg]
[demo.agnidesigns.com/fortune/demo14/wp-content/uploads/sites/15/2016/12/f7fd6435914463.5708243960c4c.jpg]
[demo.agnidesigns.com/fortune/demo14/wp-content/uploads/sites/15/2016/12/54ee0335914463.5827268e05b05.jpg]
[demo.agnidesigns.com/fortune/demo14/wp-content/uploads/sites/15/2016/12/8c4fb735914463.5708243961861.jpg]
[demo.agnidesigns.com/fortune/demo14/wp-content/uploads/sites/15/2016/12/b90d8035914463.57c3cec58563a.jpg]
[demo.agnidesigns.com/fortune/demo14/wp-content/uploads/sites/15/2016/12/38e22b35914463.5708243961da1.jpg]
[demo.agnidesigns.com/fortune/demo14/wp-content/uploads/sites/15/2016/12/df7a1c35914463.57082439623c9.jpg]
[demo.agnidesigns.com/fortune/demo14/wp-content/uploads/sites/15/2016/12/66ec2235914463.5752f25b38d00.jpg]
[demo.agnidesigns.com/fortune/demo14/wp-includes/js/comment-reply.min1f93.js]
[demo.agnidesigns.com/fortune/demo14/portfolio/fullwidth-grid-gallery/index.html]
[demo.agnidesigns.com/fortune/demo14/wp-json/oembed/1.0/embed6fa9.json]
[demo.agnidesigns.com/fortune/demo14/portfolio/fullwidth-carousel-vc-elements/feed/index.html]
[demo.agnidesigns.com/fortune/demo14/wp-json/oembed/1.0/embed63bf]
[demo.agnidesigns.com/fortune/demo14/wp-content/uploads/sites/15/2016/12/3b333647164187.587550273f0e7.jpg]
[demo.agnidesigns.com/fortune/demo14/wp-content/uploads/sites/15/2016/12/cce68e47164187.5875627d4a3a4.jpg]
[demo.agnidesigns.com/fortune/demo14/wp-content/uploads/sites/15/2016/12/eaa7fd47164187.58755bd9449af.jpg]
[demo.agnidesigns.com/fortune/demo14/wp-content/uploads/sites/15/2016/12/13279547164187.58752ff7cf721_1.jpg]
[demo.agnidesigns.com/fortune/demo14/wp-content/uploads/sites/15/2016/12/13279547164187.58752ff7cf721.jpg]
[demo.agnidesigns.com/fortune/demo14/portfolio/fullwidth-carousel-vc-elements/index.html]
[demo.agnidesigns.com/fortune/demo14/wp-content/themes/fortun/img/search.png]
[demo.agnidesigns.com/fortune/demo14/wp-content/themes/fortun/style.css]
[demo.agnidesigns.com/fortune/demo14/wp-content/themes/fortun/css/responsive.css]
[demo.agnidesigns.com/fortune/demo14/wp-content/themes/fortun/css/fonts/ionicons28b5.svg]
[demo.agnidesigns.com/fortune/demo14/wp-content/plugins/js_composer/assets/lib/bower/font-awesome/fonts/fontawesome-webfont5b62.html]
[demo.agnidesigns.com/fortune/demo14/wp-content/plugins/js_composer/assets/lib/bower/font-awesome/fonts/fontawesome-webfont5b62.svg]
[demo.agnidesigns.com/fortune/demo14/wp-content/themes/fortun/css/fonts/Pe-icon-7-strokebb1d.svg]
[demo.agnidesigns.com/fortune/demo14/wp-content/themes/fortun/css/fonts/Pe-icon-7-filled74da.svg]
[demo.agnidesigns.com/fortune/demo14/wp-content/themes/fortun/css/fonts/linea-arrows-10.svg]
[demo.agnidesigns.com/fortune/demo14/wp-content/themes/fortun/css/fonts/linea-basic-10.svg]
[demo.agnidesigns.com/fortune/demo14/wp-content/themes/fortun/css/fonts/linea-basic-elaboration-10.svg]
[demo.agnidesigns.com/fortune/demo14/wp-content/themes/fortun/css/fonts/linea-ecommerce-10.svg]
[demo.agnidesigns.com/fortune/demo14/wp-content/themes/fortun/css/fonts/linea-software-10.svg]
[demo.agnidesigns.com/fortune/demo14/wp-content/themes/fortun/css/fonts/linea-music-10.svg]
[demo.agnidesigns.com/fortune/demo14/wp-content/themes/fortun/css/fonts/linea-weather-10.svg]
[demo.agnidesigns.com/fortune/demo14/wp-content/themes/fortun/css/fonts/webfont-medical-icons.svg]
[demo.agnidesigns.com/fortune/demo14/wp-content/themes/fortun/css/owl.video.play.html]
[demo.agnidesigns.com/fortune/demo14/wp-content/plugins/js_composer/assets/fonts/vc_icons/fonts/VC-Icons8309.svg]
[demo.agnidesigns.com/fortune/demo14/wp-content/plugins/js_composer/assets/fonts/vc_grid/vc_grid_v157a1.svg]
[demo.agnidesigns.com/fortune/demo14/index85b3.html]
[demo.agnidesigns.com/fortune/demo14/indexc140.html]
[demo.agnidesigns.com/fortune/demo14/wp-json/oembed/1.0/embedddfa.json]
[demo.agnidesigns.com/fortune/demo14/portfolio/fullwidth-media-constrained/feed/index.html]
[demo.agnidesigns.com/fortune/demo14/wp-json/oembed/1.0/embeda974]
[demo.agnidesigns.com/fortune/demo14/wp-content/uploads/sites/15/2016/12/57875829338755.56a85f0956f98.jpg]
[demo.agnidesigns.com/fortune/demo14/wp-content/uploads/sites/15/2016/12/6e827329338755.55ee973a86427.jpg]
[demo.agnidesigns.com/fortune/demo14/wp-content/uploads/sites/15/2016/12/ccce4129338755.55ee973a8ce2c.jpg]
[demo.agnidesigns.com/fortune/demo14/wp-content/uploads/sites/15/2016/12/5e5ba329338755.56a85f0955a1e.jpg]
[demo.agnidesigns.com/fortune/demo14/wp-content/uploads/sites/15/2016/12/5e5ba329338755.56a85f0955a1e_1.jpg]
[demo.agnidesigns.com/fortune/demo14/portfolio/fullwidth-media-constrained/index.html]
[demo.agnidesigns.com/fortune/demo14/wp-json/oembed/1.0/embed0bd2.json]
[demo.agnidesigns.com/fortune/demo14/portfolio/fullwidth-gallery/feed/index.html]
[demo.agnidesigns.com/fortune/demo14/wp-json/oembed/1.0/embedbf5c]
[demo.agnidesigns.com/fortune/demo14/wp-content/uploads/sites/15/2016/12/ac3e9824658927.5636249af3c36.jpg]
[demo.agnidesigns.com/fortune/demo14/wp-content/uploads/sites/15/2016/12/077ba224658927.56362497e5e24.jpg]
[demo.agnidesigns.com/fortune/demo14/wp-content/uploads/sites/15/2016/12/9c803124658927.5636249aa4888.jpg]
[demo.agnidesigns.com/fortune/demo14/wp-content/uploads/sites/15/2016/12/d5c95e24658927.56362499c6e51.jpg]
[demo.agnidesigns.com/fortune/demo14/portfolio/fullwidth-gallery/index.html]
[demo.agnidesigns.com/fortune/demo14/wp-json/oembed/1.0/embed7745.json]
[demo.agnidesigns.com/fortune/demo14/portfolio/sidebar-gallery-fullwidth/feed/index.html]
[demo.agnidesigns.com/fortune/demo14/wp-json/oembed/1.0/embedac04]
[demo.agnidesigns.com/fortune/demo14/wp-content/uploads/sites/15/2016/12/d8bd4b35914463.570829ad859c2.jpg]
[demo.agnidesigns.com/fortune/demo14/portfolio/sidebar-gallery-fullwidth/index.html]
[demo.agnidesigns.com/fortune/demo14/wp-json/oembed/1.0/embedfd23.json]
[demo.agnidesigns.com/fortune/demo14/portfolio/zigzag-constrained/feed/index.html]
[demo.agnidesigns.com/fortune/demo14/wp-json/oembed/1.0/embed83d9]
[demo.agnidesigns.com/fortune/demo14/wp-content/uploads/sites/15/2016/12/e9590a16049595.56353d9146dbf.jpg]
[demo.agnidesigns.com/fortune/demo14/portfolio/right-sidebar-fullwidth/index.html]
[demo.agnidesigns.com/fortune/demo14/wp-content/uploads/sites/15/2016/12/a4a6b116049595.56353d970e44f.jpg]
[demo.agnidesigns.com/fortune/demo14/wp-content/uploads/sites/15/2016/12/45993d16049595.56353d96a89fd.jpg]
[demo.agnidesigns.com/fortune/demo14/wp-content/uploads/sites/15/2016/12/77fce116049595.56353d9fe0641.jpg]
[demo.agnidesigns.com/fortune/demo14/portfolio/zigzag-constrained/index.html]
[demo.agnidesigns.com/fortune/demo14/wp-content/uploads/sites/15/2016/12/portfolio-thumbnail_29-600x450.jpg]
[demo.agnidesigns.com/fortune/demo14/wp-content/uploads/sites/15/2016/12/portfolio-thumbnail_22-600x450.jpg]
[demo.agnidesigns.com/fortune/demo14/wp-content/uploads/sites/15/2016/12/portfolio-thumbnail_27-600x450.jpg]
[demo.agnidesigns.com/fortune/demo14/wp-content/uploads/sites/15/2016/12/portfolio-thumbnail_25-600x450.jpg]
[demo.agnidesigns.com/fortune/demo14/portfolio/fullwidth-constrained/index.html]
[demo.agnidesigns.com/fortune/demo14/d14-case-studies/page/2/index.html]
[demo.agnidesigns.com/fortune/demo14/portfolio/fullscreen-slider/index.html]
[demo.agnidesigns.com/fortune/demo14/index5721.html]
[demo.agnidesigns.com/fortune/demo14/indexc518.html]
[demo.agnidesigns.com/fortune/demo14/indexeb91.html]
[demo.agnidesigns.com/fortune/demo14/index0c63.html]
[demo.agnidesigns.com/fortune/demo14/index2df9.html]
[demo.agnidesigns.com/fortune/demo14/index2e8b.html]
[demo.agnidesigns.com/fortune/demo14/index7aeb.html]
[demo.agnidesigns.com/fortune/demo14/indexca7f.html]
[demo.agnidesigns.com/fortune/demo14/portfolio/sidebar-constrained/index.html]
[demo.agnidesigns.com/fortune/demo14/wp-json/oembed/1.0/embed111c.json]
[demo.agnidesigns.com/fortune/demo14/portfolio/right-sidebar-fullwidth/feed/index.html]
[demo.agnidesigns.com/fortune/demo14/wp-json/oembed/1.0/embed90b7]
[demo.agnidesigns.com/fortune/demo14/wp-content/uploads/sites/15/2016/12/9ee45547023019.586dafc98727a.jpg]
[demo.agnidesigns.com/fortune/demo14/wp-content/uploads/sites/15/2016/12/d251b647023019.586dafc988c99.jpg]
[demo.agnidesigns.com/fortune/demo14/wp-content/uploads/sites/15/2016/12/9ec72547023019.586dafc989947.jpg]
[demo.agnidesigns.com/fortune/demo14/portfolio/right-sidebar-fullwidth/index.html]
[demo.agnidesigns.com/fortune/demo14/indexbdc9.html]
[demo.agnidesigns.com/fortune/demo14/wp-json/oembed/1.0/embedf030.json]
[demo.agnidesigns.com/fortune/demo14/portfolio/fullwidth-constrained/feed/index.html]
[demo.agnidesigns.com/fortune/demo14/wp-json/oembed/1.0/embedd8f2]
[demo.agnidesigns.com/fortune/demo14/wp-content/uploads/sites/15/2016/12/bfdc4c46278295.584eb7929b02b.jpg]
[demo.agnidesigns.com/fortune/demo14/wp-content/uploads/sites/15/2016/12/5ed6cc46278295.584eb7929b53c.jpg]
[demo.agnidesigns.com/fortune/demo14/wp-content/uploads/sites/15/2016/12/6b7d7844266523.583833360c1c5.jpg]
[demo.agnidesigns.com/fortune/demo14/wp-content/uploads/sites/15/2016/12/5a65d846278295.584eb7929ba11.jpg]
[demo.agnidesigns.com/fortune/demo14/wp-content/uploads/sites/15/2016/12/2efeba46278295.584eb7929ab1f.jpg]
[demo.agnidesigns.com/fortune/demo14/wp-content/uploads/sites/15/2016/12/18d3da44266523.582f26fe51c80.jpg]
[demo.agnidesigns.com/fortune/demo14/portfolio/fullwidth-constrained/index.html]
[demo.agnidesigns.com/fortune/demo14/wp-json/oembed/1.0/embedda27.json]
[demo.agnidesigns.com/fortune/demo14/portfolio/fullscreen-slider/feed/index.html]
[demo.agnidesigns.com/fortune/demo14/wp-json/oembed/1.0/embed8ff0]
[demo.agnidesigns.com/fortune/demo14/wp-content/uploads/sites/15/2016/12/b6386038765209.5851caca2b477.jpg]
[demo.agnidesigns.com/fortune/demo14/wp-content/uploads/sites/15/2016/12/3c845038765209.5851caca2d5be.jpg]
[demo.agnidesigns.com/fortune/demo14/wp-content/uploads/sites/15/2016/12/d7135738765209.5851caca2c254.jpg]
[demo.agnidesigns.com/fortune/demo14/wp-content/uploads/sites/15/2016/12/90f64738765209.5851caca2ae0a.jpg]
[demo.agnidesigns.com/fortune/demo14/portfolio/fullscreen-slider/index.html]
[demo.agnidesigns.com/fortune/demo14/wp-json/oembed/1.0/embedecbb.json]
[demo.agnidesigns.com/fortune/demo14/portfolio/sidebar-constrained/feed/index.html]
[demo.agnidesigns.com/fortune/demo14/wp-json/oembed/1.0/embed00de]
[demo.agnidesigns.com/fortune/demo14/wp-content/uploads/sites/15/2016/12/917c6a38782899.576edf0b4099b.jpg]
[demo.agnidesigns.com/fortune/demo14/wp-content/uploads/sites/15/2016/12/676f2238782899.576edf0b3ece4.jpg]
[demo.agnidesigns.com/fortune/demo14/wp-content/uploads/sites/15/2016/12/2206eb38782899.576edf0b3f22d.jpg]
[demo.agnidesigns.com/fortune/demo14/wp-content/uploads/sites/15/2016/12/30809b38782899.576edf0b3f7e6.jpg]
[demo.agnidesigns.com/fortune/demo14/wp-content/uploads/sites/15/2016/12/1f8c3a38782899.576edf0b41415.jpg]
[demo.agnidesigns.com/fortune/demo14/wp-content/uploads/sites/15/2016/12/6215e538782899.576edf0b40e7a.jpg]
[demo.agnidesigns.com/fortune/demo14/portfolio/sidebar-constrained/index.html]
[demo.agnidesigns.com/fortune/demo14/d14-case-studies/page/1/index.html]
[demo.agnidesigns.com/fortune/demo14/index2b8b.html]
[demo.agnidesigns.com/fortune/demo14/indexa308.html]
[demo.agnidesigns.com/fortune/demo14/index37c3.html]
[demo.agnidesigns.com/fortune/demo14/indexa9e1.html]
