[demo.agnidesigns.com/fortune/demo3/index.html]
[backblue.gif]
[fade.gif]
[index.html]
[demo.agnidesigns.com/fortune/demo3/wp-content/plugins/contact-form-7/includes/css/stylesc1f9.css]
[demo.agnidesigns.com/fortune/demo3/feed/index.html]
[demo.agnidesigns.com/fortune/demo3/wp-content/themes/fortun-child/style1f93.css]
[demo.agnidesigns.com/fortune/demo3/comments/feed/index.html]
[demo.agnidesigns.com/fortune/demo3/wp-content/themes/fortun/css/ionicons.min7406.css]
[demo.agnidesigns.com/fortune/demo3/wp-content/plugins/js_composer/assets/lib/bower/font-awesome/css/font-awesome.min972f.css]
[demo.agnidesigns.com/fortune/demo3/wp-content/themes/fortun/css/Pe-icon-7-stroke.min7359.css]
[demo.agnidesigns.com/fortune/demo3/wp-content/themes/fortun/css/Pe-icon-7-filled.min7359.css]
[demo.agnidesigns.com/fortune/demo3/wp-content/themes/fortun/css/linea-arrows.min5152.css]
[demo.agnidesigns.com/fortune/demo3/wp-content/themes/fortun/css/linea-basic.min5152.css]
[demo.agnidesigns.com/fortune/demo3/wp-content/themes/fortun/css/linea-elaboration.min5152.css]
[demo.agnidesigns.com/fortune/demo3/wp-content/themes/fortun/css/linea-ecommerce.min5152.css]
[demo.agnidesigns.com/fortune/demo3/wp-content/themes/fortun/css/linea-software.min5152.css]
[demo.agnidesigns.com/fortune/demo3/wp-content/themes/fortun/css/linea-music.min5152.css]
[demo.agnidesigns.com/fortune/demo3/wp-content/themes/fortun/css/linea-weather.min5152.css]
[demo.agnidesigns.com/fortune/demo3/wp-content/themes/fortun/css/wfmi-style.min5152.css]
[demo.agnidesigns.com/fortune/demo3/wp-content/themes/fortun/css/fortune-plugins1f93.css]
[demo.agnidesigns.com/fortune/demo3/wp-content/themes/fortun/css/fortune1f93.css]
[demo.agnidesigns.com/fortune/demo3/wp-content/themes/fortun-child/style5152.css]
[demo.agnidesigns.com/fortune/demo3/wp-content/themes/fortun/css/demo35152.css]
[demo.agnidesigns.com/fortune/demo3/wp-content/themes/fortun/css/responsive5152.css]
[demo.agnidesigns.com/fortune/demo3/wp-content/themes/fortun/template/woocommerce/css/woocommerce-style5152.css]
[demo.agnidesigns.com/fortune/demo3/wp-content/plugins/js_composer/assets/css/js_composer.min972f.css]
[demo.agnidesigns.com/fortune/demo3/wp-includes/js/jquery/jquery-migrate.min330a.js]
[demo.agnidesigns.com/fortune/demo3/wp-content/plugins/woocommerce/assets/js/frontend/add-to-cart.mina117.js]
[demo.agnidesigns.com/fortune/demo3/wp-content/plugins/js_composer/assets/js/vendors/woocommerce-add-to-cart972f.js]
[demo.agnidesigns.com/fortune/demo3/wp-includes/js/jquery/jqueryb8ff.js]
[use.typekit.net/fnq4pbw1f93.js]
[demo.agnidesigns.com/fortune/demo3/xmlrpc0db0.php]
[demo.agnidesigns.com/fortune/demo3/wp-json/index.html]
[demo.agnidesigns.com/fortune/demo3/wp-includes/wlwmanifest.xml]
[demo.agnidesigns.com/fortune/demo3/wp-json/oembed/1.0/embed864f.json]
[demo.agnidesigns.com/fortune/demo3/wp-json/oembed/1.0/embedd1b4]
[demo.agnidesigns.com/fortune/demo3/wp-content/uploads/sites/4/agni-fonts/ArconRegular/Arcon-Regular.eot]
[demo.agnidesigns.com/fortune/demo3/wp-content/uploads/sites/4/agni-fonts/ArconRegular/Arcon-Regular.otf]
[demo.agnidesigns.com/fortune/demo3/wp-content/uploads/sites/4/agni-fonts/ArconRegular/Arcon-Regulard41d.eot]
[demo.agnidesigns.com/fortune/demo3/wp-content/uploads/sites/4/agni-fonts/ArconRegular/Arcon-Regular.ttf]
[demo.agnidesigns.com/fortune/demo3/wp-content/uploads/sites/4/agni-fonts/ArconRegular/Arcon-Regular.woff]
[demo.agnidesigns.com/fortune/demo3/wp-content/uploads/sites/4/2016/06/fortune-logo3_white.png]
[demo.agnidesigns.com/fortune/demo3/wp-content/uploads/sites/4/2016/10/portfolio-thumbnail-1-960x480.jpg]
[demo.agnidesigns.com/fortune/demo3/wp-content/uploads/sites/4/2016/10/portfolio-thumbnail-1.jpg]
[demo.agnidesigns.com/fortune/demo3/d3-about-us/index.html]
[demo.agnidesigns.com/fortune/demo3/d3-works/index.html]
[demo.agnidesigns.com/fortune/demo3/wp-content/uploads/sites/4/2016/10/portfolio-thumbnail-6-480x480.jpg]
[demo.agnidesigns.com/fortune/demo3/blog/index.html]
[demo.agnidesigns.com/fortune/demo3/wp-content/uploads/sites/4/2016/10/portfolio-thumbnail-6.jpg]
[demo.agnidesigns.com/fortune/demo3/d3-contact-us/index.html]
[demo.agnidesigns.com/fortune/demo3/wp-content/uploads/sites/4/2016/10/portfolio-thumbnail-10-480x959.jpg]
[demo.agnidesigns.com/fortune/demo3/portfolio/pop/index.html]
[demo.agnidesigns.com/fortune/demo3/wp-content/uploads/sites/4/2016/10/portfolio-thumbnail-10.jpg]
[demo.agnidesigns.com/fortune/demo3/portfolio/comma-logo-marks/index.html]
[demo.agnidesigns.com/fortune/demo3/wp-content/uploads/sites/4/2016/10/portfolio-thumbnail-4-480x480.jpg]
[demo.agnidesigns.com/fortune/demo3/portfolio/zero-branding/index.html]
[demo.agnidesigns.com/fortune/demo3/wp-content/uploads/sites/4/2016/10/portfolio-thumbnail-4.jpg]
[demo.agnidesigns.com/fortune/demo3/portfolio/no-excuses/index.html]
[demo.agnidesigns.com/fortune/demo3/wp-content/uploads/sites/4/2016/10/portfolio-thumbnail-5.jpg]
[demo.agnidesigns.com/fortune/demo3/wp-content/uploads/sites/4/2016/10/portfolio-thumbnail-3-480x480.jpg]
[demo.agnidesigns.com/fortune/demo3/portfolio/so-poster-series/index.html]
[demo.agnidesigns.com/fortune/demo3/wp-content/uploads/sites/4/2016/10/portfolio-thumbnail-3.jpg]
[demo.agnidesigns.com/fortune/demo3/portfolio/trim-android-app/index.html]
[demo.agnidesigns.com/fortune/demo3/wp-content/uploads/sites/4/2016/10/portfolio-thumbnail-7-480x480.jpg]
[demo.agnidesigns.com/fortune/demo3/wp-content/uploads/sites/4/2016/10/portfolio-thumbnail-7.jpg]
[demo.agnidesigns.com/fortune/demo3/wp-content/uploads/sites/4/2016/10/portfolio-thumbnail-8-480x480.jpg]
[demo.agnidesigns.com/fortune/demo3/portfolio/the-love-of-wine/index.html]
[demo.agnidesigns.com/fortune/demo3/wp-content/uploads/sites/4/2016/10/portfolio-thumbnail-8.jpg]
[demo.agnidesigns.com/fortune/demo3/wp-content/uploads/sites/4/2016/10/portfolio-thumbnail-9-960x480.jpg]
[demo.agnidesigns.com/fortune/demo3/portfolio/alpha-view/index.html]
[demo.agnidesigns.com/fortune/demo3/wp-content/uploads/sites/4/2016/10/portfolio-thumbnail-9.jpg]
[demo.agnidesigns.com/fortune/demo3/portfolio/hillsong/index.html]
[demo.agnidesigns.com/fortune/demo3/wp-content/uploads/sites/4/2016/11/portfolio-thumbnail-11-480x480.jpg]
[demo.agnidesigns.com/fortune/demo3/wp-content/uploads/sites/4/2016/11/portfolio-thumbnail-11.jpg]
[demo.agnidesigns.com/fortune/demo3/portfolio/formula-creativa/index.html]
[www.google-analytics.com/analytics.js]
[demo.agnidesigns.com/fortune/demo3/wp-content/plugins/contact-form-7/includes/js/jquery.form.mind03d.js]
[demo.agnidesigns.com/fortune/demo3/wp-content/plugins/contact-form-7/includes/js/scriptsc1f9.js]
[demo.agnidesigns.com/fortune/demo3/wp-content/plugins/woocommerce/assets/js/jquery-blockui/jquery.blockUI.min44fd.js]
[demo.agnidesigns.com/fortune/demo3/wp-content/plugins/woocommerce/assets/js/frontend/woocommerce.mina117.js]
[demo.agnidesigns.com/fortune/demo3/wp-content/plugins/woocommerce/assets/js/jquery-cookie/jquery.cookie.min330a.js]
[demo.agnidesigns.com/fortune/demo3/wp-content/plugins/woocommerce/assets/js/frontend/cart-fragments.mina117.js]
[demo.agnidesigns.com/fortune/demo3/wp-content/themes/fortun/template/woocommerce/js/easyzoom.min5152.js]
[demo.agnidesigns.com/fortune/demo3/wp-content/themes/fortun/js/script5152.js]
[demo.agnidesigns.com/fortune/demo3/wp-content/themes/fortun/template/woocommerce/js/woocommerce-script5152.js]
[demo.agnidesigns.com/fortune/demo3/wp-includes/js/wp-embed.min1f93.js]
[demo.agnidesigns.com/fortune/demo3/index.html]
[demo.agnidesigns.com/fortune/demo3/xmlrpc.php]
[demo.agnidesigns.com/fortune/demo3/wp-content/plugins/contact-form-7/includes/css/stylesc1f9.css]
[demo.agnidesigns.com/fortune/demo3/wp-content/plugins/js_composer/assets/js/dist/js_composer_front.min972f.js]
[demo.agnidesigns.com/fortune/demo3/wp-content/themes/fortun/style.css]
[demo.agnidesigns.com/fortune/demo3/wp-content/themes/fortun/css/responsive.css]
[demo.agnidesigns.com/fortune/demo3/wp-content/themes/fortun-child/style1f93.css]
[demo.agnidesigns.com/fortune/demo3/wp-content/themes/fortun/css/fonts/ionicons28b5.eot]
[demo.agnidesigns.com/fortune/demo3/wp-content/themes/fortun/css/fonts/ionicons28b5.ttf]
[demo.agnidesigns.com/fortune/demo3/wp-content/themes/fortun/css/fonts/ionicons28b5.woff]
[demo.agnidesigns.com/fortune/demo3/wp-content/themes/fortun/js/fortune-plugins5152.js]
[demo.agnidesigns.com/fortune/demo3/wp-content/themes/fortun/css/ionicons.min7406.css]
[demo.agnidesigns.com/fortune/demo3/wp-content/plugins/js_composer/assets/lib/bower/font-awesome/fonts/fontawesome-webfont5b62.eot]
[demo.agnidesigns.com/fortune/demo3/wp-content/plugins/js_composer/assets/lib/bower/font-awesome/fonts/fontawesome-webfontd41d.eot]
[demo.agnidesigns.com/fortune/demo3/wp-content/plugins/js_composer/assets/lib/bower/font-awesome/fonts/fontawesome-webfont5b62.woff]
[demo.agnidesigns.com/fortune/demo3/wp-content/plugins/js_composer/assets/lib/bower/font-awesome/fonts/fontawesome-webfont5b62.ttf]
[demo.agnidesigns.com/fortune/demo3/wp-content/plugins/js_composer/assets/lib/bower/font-awesome/css/font-awesome.min972f.css]
[demo.agnidesigns.com/fortune/demo3/wp-content/themes/fortun/css/fonts/Pe-icon-7-strokebb1d.eot]
[demo.agnidesigns.com/fortune/demo3/wp-content/themes/fortun/css/fonts/Pe-icon-7-stroked41d.eot]
[demo.agnidesigns.com/fortune/demo3/wp-content/themes/fortun/css/fonts/Pe-icon-7-strokebb1d.woff]
[demo.agnidesigns.com/fortune/demo3/wp-content/themes/fortun/css/fonts/Pe-icon-7-strokebb1d.ttf]
[demo.agnidesigns.com/fortune/demo3/wp-content/themes/fortun/css/Pe-icon-7-stroke.min7359.css]
[demo.agnidesigns.com/fortune/demo3/wp-content/themes/fortun/css/fonts/Pe-icon-7-filled74da.eot]
[demo.agnidesigns.com/fortune/demo3/wp-content/themes/fortun/css/fonts/Pe-icon-7-filledd41d.eot]
[demo.agnidesigns.com/fortune/demo3/wp-content/themes/fortun/css/fonts/Pe-icon-7-filled74da.woff]
[demo.agnidesigns.com/fortune/demo3/wp-content/themes/fortun/css/fonts/Pe-icon-7-filled74da.ttf]
[demo.agnidesigns.com/fortune/demo3/wp-content/themes/fortun/css/Pe-icon-7-filled.min7359.css]
[demo.agnidesigns.com/fortune/demo3/wp-content/themes/fortun/css/fonts/linea-arrows-10.eot]
[demo.agnidesigns.com/fortune/demo3/wp-content/themes/fortun/css/fonts/linea-arrows-10.woff]
[demo.agnidesigns.com/fortune/demo3/wp-content/themes/fortun/css/fonts/linea-arrows-10.ttf]
[demo.agnidesigns.com/fortune/demo3/wp-content/themes/fortun/css/fonts/linea-arrows-10d41d.eot]
[demo.agnidesigns.com/fortune/demo3/wp-content/themes/fortun/css/linea-arrows.min5152.css]
[demo.agnidesigns.com/fortune/demo3/wp-content/themes/fortun/css/fonts/linea-basic-10.eot]
[demo.agnidesigns.com/fortune/demo3/wp-content/themes/fortun/css/fonts/linea-basic-10.woff]
[demo.agnidesigns.com/fortune/demo3/wp-content/themes/fortun/css/fonts/linea-basic-10d41d.eot]
[demo.agnidesigns.com/fortune/demo3/wp-content/themes/fortun/css/fonts/linea-basic-10.ttf]
[demo.agnidesigns.com/fortune/demo3/wp-content/themes/fortun/css/linea-basic.min5152.css]
[demo.agnidesigns.com/fortune/demo3/wp-content/themes/fortun/css/fonts/linea-basic-elaboration-10.eot]
[demo.agnidesigns.com/fortune/demo3/wp-content/themes/fortun/css/fonts/linea-basic-elaboration-10.woff]
[demo.agnidesigns.com/fortune/demo3/wp-content/themes/fortun/css/fonts/linea-basic-elaboration-10d41d.eot]
[demo.agnidesigns.com/fortune/demo3/wp-content/themes/fortun/css/fonts/linea-basic-elaboration-10.ttf]
[demo.agnidesigns.com/fortune/demo3/wp-content/themes/fortun/css/linea-elaboration.min5152.css]
[demo.agnidesigns.com/fortune/demo3/wp-content/themes/fortun/css/fonts/linea-ecommerce-10.eot]
[demo.agnidesigns.com/fortune/demo3/wp-content/themes/fortun/css/fonts/linea-ecommerce-10.woff]
[demo.agnidesigns.com/fortune/demo3/wp-content/themes/fortun/css/fonts/linea-ecommerce-10.ttf]
[demo.agnidesigns.com/fortune/demo3/wp-content/themes/fortun/css/fonts/linea-ecommerce-10d41d.eot]
[demo.agnidesigns.com/fortune/demo3/wp-content/themes/fortun/css/linea-ecommerce.min5152.css]
[demo.agnidesigns.com/fortune/demo3/wp-content/themes/fortun/css/fonts/linea-software-10.eot]
[demo.agnidesigns.com/fortune/demo3/wp-content/themes/fortun/css/fonts/linea-software-10.woff]
[demo.agnidesigns.com/fortune/demo3/wp-content/themes/fortun/css/fonts/linea-software-10d41d.eot]
[demo.agnidesigns.com/fortune/demo3/wp-content/themes/fortun/css/fonts/linea-software-10.ttf]
[demo.agnidesigns.com/fortune/demo3/wp-content/themes/fortun/css/linea-software.min5152.css]
[demo.agnidesigns.com/fortune/demo3/wp-content/themes/fortun/css/fonts/linea-music-10.eot]
[demo.agnidesigns.com/fortune/demo3/wp-content/themes/fortun/css/fonts/linea-music-10.woff]
[demo.agnidesigns.com/fortune/demo3/wp-content/themes/fortun/css/fonts/linea-music-10d41d.eot]
[demo.agnidesigns.com/fortune/demo3/wp-content/themes/fortun/css/fonts/linea-music-10.ttf]
[demo.agnidesigns.com/fortune/demo3/wp-content/themes/fortun/css/linea-music.min5152.css]
[demo.agnidesigns.com/fortune/demo3/wp-content/themes/fortun/css/fonts/linea-weather-10.eot]
[demo.agnidesigns.com/fortune/demo3/wp-content/themes/fortun/css/fonts/linea-weather-10.woff]
[demo.agnidesigns.com/fortune/demo3/wp-content/themes/fortun/css/fonts/linea-weather-10d41d.eot]
[demo.agnidesigns.com/fortune/demo3/wp-content/themes/fortun/css/fonts/linea-weather-10.ttf]
[demo.agnidesigns.com/fortune/demo3/wp-content/themes/fortun/css/linea-weather.min5152.css]
[demo.agnidesigns.com/fortune/demo3/wp-content/themes/fortun/css/fonts/webfont-medical-icons.eot]
[demo.agnidesigns.com/fortune/demo3/wp-content/themes/fortun/css/fonts/webfont-medical-icons.ttf]
[demo.agnidesigns.com/fortune/demo3/wp-content/themes/fortun/css/fonts/webfont-medical-icons.woff]
[demo.agnidesigns.com/fortune/demo3/wp-content/themes/fortun/css/fonts/webfont-medical-iconsd41d.eot]
[demo.agnidesigns.com/fortune/demo3/wp-content/themes/fortun/css/wfmi-style.min5152.css]
[demo.agnidesigns.com/fortune/demo3/wp-content/themes/fortun/css/fortune-plugins1f93.css]
[demo.agnidesigns.com/fortune/demo3/wp-content/themes/fortun/css/fortune1f93.css]
[demo.agnidesigns.com/fortune/demo3/wp-content/themes/fortun-child/style5152.css]
[demo.agnidesigns.com/fortune/demo3/wp-content/themes/fortun/css/demo35152.css]
[demo.agnidesigns.com/fortune/demo3/wp-content/themes/fortun/css/responsive5152.css]
[demo.agnidesigns.com/fortune/demo3/wp-content/themes/fortun/template/woocommerce/css/woocommerce-style5152.css]
[demo.agnidesigns.com/fortune/demo3/wp-content/plugins/js_composer/assets/vc/alert.png]
[demo.agnidesigns.com/fortune/demo3/wp-content/plugins/js_composer/assets/vc/info.png]
[demo.agnidesigns.com/fortune/demo3/wp-content/plugins/js_composer/assets/vc/tick.png]
[demo.agnidesigns.com/fortune/demo3/wp-content/plugins/js_composer/assets/vc/exclamation.png]
[demo.agnidesigns.com/fortune/demo3/wp-content/plugins/js_composer/assets/images/icons/address-book.png]
[demo.agnidesigns.com/fortune/demo3/wp-content/plugins/js_composer/assets/images/icons/alarm-clock.png]
[demo.agnidesigns.com/fortune/demo3/wp-content/plugins/js_composer/assets/images/icons/anchor.png]
[demo.agnidesigns.com/fortune/demo3/wp-content/plugins/js_composer/assets/images/icons/application-image.png]
[demo.agnidesigns.com/fortune/demo3/wp-content/plugins/js_composer/assets/images/icons/arrow.png]
[demo.agnidesigns.com/fortune/demo3/wp-content/plugins/js_composer/assets/images/icons/asterisk.png]
[demo.agnidesigns.com/fortune/demo3/wp-content/plugins/js_composer/assets/images/icons/auction-hammer.png]
[demo.agnidesigns.com/fortune/demo3/wp-content/plugins/js_composer/assets/images/icons/balloon.png]
[demo.agnidesigns.com/fortune/demo3/wp-content/plugins/js_composer/assets/images/icons/balloon-buzz.png]
[demo.agnidesigns.com/fortune/demo3/wp-content/plugins/js_composer/assets/images/icons/balloon-facebook.png]
[demo.agnidesigns.com/fortune/demo3/wp-content/plugins/js_composer/assets/images/icons/balloon-twitter.png]
[demo.agnidesigns.com/fortune/demo3/wp-content/plugins/js_composer/assets/images/icons/battery-full.png]
[demo.agnidesigns.com/fortune/demo3/wp-content/plugins/js_composer/assets/images/icons/binocular.png]
[demo.agnidesigns.com/fortune/demo3/wp-content/plugins/js_composer/assets/images/icons/blue-document-excel.png]
[demo.agnidesigns.com/fortune/demo3/wp-content/plugins/js_composer/assets/images/icons/blue-document-image.png]
[demo.agnidesigns.com/fortune/demo3/wp-content/plugins/js_composer/assets/images/icons/blue-document-music.png]
[demo.agnidesigns.com/fortune/demo3/wp-content/plugins/js_composer/assets/images/icons/blue-document-office.png]
[demo.agnidesigns.com/fortune/demo3/wp-content/plugins/js_composer/assets/images/icons/blue-document-pdf.png]
[demo.agnidesigns.com/fortune/demo3/wp-content/plugins/js_composer/assets/images/icons/blue-document-powerpoint.png]
[demo.agnidesigns.com/fortune/demo3/wp-content/plugins/js_composer/assets/images/icons/blue-document-word.png]
[demo.agnidesigns.com/fortune/demo3/wp-content/plugins/js_composer/assets/images/icons/bookmark.png]
[demo.agnidesigns.com/fortune/demo3/wp-content/plugins/js_composer/assets/images/icons/camcorder.png]
[demo.agnidesigns.com/fortune/demo3/wp-content/plugins/js_composer/assets/images/icons/camera.png]
[demo.agnidesigns.com/fortune/demo3/wp-content/plugins/js_composer/assets/images/icons/chart.png]
[demo.agnidesigns.com/fortune/demo3/wp-content/plugins/js_composer/assets/images/icons/chart-pie.png]
[demo.agnidesigns.com/fortune/demo3/wp-content/plugins/js_composer/assets/images/icons/clock.png]
[demo.agnidesigns.com/fortune/demo3/wp-content/plugins/js_composer/assets/images/icons/control.png]
[demo.agnidesigns.com/fortune/demo3/wp-content/plugins/js_composer/assets/images/icons/fire.png]
[demo.agnidesigns.com/fortune/demo3/wp-content/plugins/js_composer/assets/images/icons/heart.png]
[demo.agnidesigns.com/fortune/demo3/wp-content/plugins/js_composer/assets/images/icons/mail.png]
[demo.agnidesigns.com/fortune/demo3/wp-content/plugins/js_composer/assets/images/icons/plus-shield.png]
[demo.agnidesigns.com/fortune/demo3/wp-content/plugins/js_composer/assets/images/icons/video.png]
[demo.agnidesigns.com/fortune/demo3/wp-content/plugins/js_composer/assets/fonts/vc_icons/fonts/VC-Icons8309.ttf]
[demo.agnidesigns.com/fortune/demo3/wp-content/plugins/js_composer/assets/fonts/vc_icons/fonts/VC-Icons8309.woff]
[demo.agnidesigns.com/fortune/demo3/wp-content/plugins/js_composer/assets/images/toggle_open.png]
[demo.agnidesigns.com/fortune/demo3/wp-content/plugins/js_composer/assets/images/toggle_close.png]
[demo.agnidesigns.com/fortune/demo3/wp-content/plugins/js_composer/assets/images/flickr.png]
[demo.agnidesigns.com/fortune/demo3/wp-content/plugins/js_composer/assets/fonts/vc_grid/vc_grid_v157a1.eot]
[demo.agnidesigns.com/fortune/demo3/wp-content/plugins/js_composer/assets/fonts/vc_grid/vc_grid_v1d41d.eot]
[demo.agnidesigns.com/fortune/demo3/wp-content/plugins/js_composer/assets/fonts/vc_grid/vc_grid_v157a1.woff]
[demo.agnidesigns.com/fortune/demo3/wp-content/plugins/js_composer/assets/fonts/vc_grid/vc_grid_v157a1.ttf]
[demo.agnidesigns.com/fortune/demo3/wp-content/plugins/js_composer/assets/css/js_composer.min972f.css]
[demo.agnidesigns.com/fortune/demo3/wp-content/uploads/sites/4/agni-fonts/ArconRegular/Arcon-Regular.svg]
[demo.agnidesigns.com/fortune/demo3/wp-json/oembed/1.0/embeda7fb.json]
[demo.agnidesigns.com/fortune/demo3/wp-json/oembed/1.0/embed0dae]
[demo.agnidesigns.com/fortune/demo3/wp-content/uploads/sites/4/2016/12/shutterstock_411786418.jpg]
[demo.agnidesigns.com/fortune/demo3/wp-content/uploads/sites/4/2016/12/adidas.png]
[demo.agnidesigns.com/fortune/demo3/wp-content/uploads/sites/4/2016/12/adobe.png]
[demo.agnidesigns.com/fortune/demo3/wp-content/uploads/sites/4/2016/12/applepay.png]
[demo.agnidesigns.com/fortune/demo3/wp-content/uploads/sites/4/2016/12/google-plus.png]
[demo.agnidesigns.com/fortune/demo3/wp-content/uploads/sites/4/2016/12/tutsplus.png]
[demo.agnidesigns.com/fortune/demo3/wp-content/uploads/sites/4/2016/12/github-2.png]
[demo.agnidesigns.com/fortune/demo3/wp-content/uploads/sites/4/2016/12/amazon.png]
[demo.agnidesigns.com/fortune/demo3/wp-content/uploads/sites/4/2016/12/sass.png]
[demo.agnidesigns.com/fortune/demo3/wp-content/uploads/sites/4/2016/12/forbes.png]
[demo.agnidesigns.com/fortune/demo3/wp-content/uploads/sites/4/2016/12/google-wallet.png]
[demo.agnidesigns.com/fortune/demo3/wp-content/uploads/sites/4/2016/12/member_30_shutterstock_312081308.jpg]
[demo.agnidesigns.com/fortune/demo3/wp-content/uploads/sites/4/2016/12/member_34_shutterstock_312081308-960x1200.jpg]
[demo.agnidesigns.com/fortune/demo3/wp-content/uploads/sites/4/2016/12/member_32_shutterstock_312081308.jpg]
[demo.agnidesigns.com/fortune/demo3/wp-content/uploads/sites/4/2016/12/member_33_shutterstock_312081308.jpg]
[demo.agnidesigns.com/fortune/demo3/wp-content/uploads/sites/4/2016/12/member_31_shutterstock_312081308.jpg]
[demo.agnidesigns.com/fortune/demo3/wp-content/uploads/sites/4/2016/12/shutterstock_444082576.jpg]
[demo.agnidesigns.com/fortune/demo3/d3-about-us/index.html]
[demo.agnidesigns.com/fortune/demo3/wp-json/oembed/1.0/embed8a62.json]
[demo.agnidesigns.com/fortune/demo3/wp-json/oembed/1.0/embed3884]
[demo.agnidesigns.com/fortune/demo3/wp-content/uploads/sites/4/2016/10/portfolio-thumbnail-1-480x480.jpg]
[demo.agnidesigns.com/fortune/demo3/wp-content/uploads/sites/4/2016/10/portfolio-thumbnail-10-480x480.jpg]
[demo.agnidesigns.com/fortune/demo3/wp-content/uploads/sites/4/2016/10/portfolio-thumbnail-5-480x480.jpg]
[demo.agnidesigns.com/fortune/demo3/d3-works/index.html]
[demo.agnidesigns.com/fortune/demo3/d3-works/page/2/index.html]
[demo.agnidesigns.com/fortune/demo3/wp-json/oembed/1.0/embeda2b1.json]
[demo.agnidesigns.com/fortune/demo3/wp-json/oembed/1.0/embede888]
[demo.agnidesigns.com/fortune/demo3/wp-content/uploads/sites/4/2016/12/blog-thumbnail-16-560x640.jpg]
[demo.agnidesigns.com/fortune/demo3/wp-content/uploads/sites/4/2016/12/blog-thumbnail-3-560x640.jpg]
[demo.agnidesigns.com/fortune/demo3/wp-content/uploads/sites/4/2016/12/blog-thumbnail-4-560x640.jpg]
[demo.agnidesigns.com/fortune/demo3/2016/12/05/10-things-new-york-lovers-could-only-understand/index.html]
[demo.agnidesigns.com/fortune/demo3/wp-content/uploads/sites/4/2016/12/blog-thumbnail-1-560x640.jpg]
[demo.agnidesigns.com/fortune/demo3/category/tips-tricks/index.html]
[demo.agnidesigns.com/fortune/demo3/wp-content/uploads/sites/4/2016/12/blog-thumbnail-8-560x636.jpg]
[demo.agnidesigns.com/fortune/demo3/2016/12/04/wildlife-could-be-amazing-see-why/index.html]
[demo.agnidesigns.com/fortune/demo3/wp-content/uploads/sites/4/2016/12/blog-thumbnail-2-560x640.jpg]
[demo.agnidesigns.com/fortune/demo3/category/business/index.html]
[demo.agnidesigns.com/fortune/demo3/wp-content/uploads/sites/4/2016/12/blog-thumbnail-5-560x640.jpg]
[demo.agnidesigns.com/fortune/demo3/2016/12/04/strange-things-that-make-you-wow/index.html]
[demo.agnidesigns.com/fortune/demo3/wp-content/uploads/sites/4/2016/12/blog-thumbnail-12-560x640.jpg]
[demo.agnidesigns.com/fortune/demo3/blog/index.html]
[demo.agnidesigns.com/fortune/demo3/category/lifestyle/index.html]
[demo.agnidesigns.com/fortune/demo3/2016/12/03/six-things-wont-go-out-of-style/index.html]
[demo.agnidesigns.com/fortune/demo3/category/nature/index.html]
[demo.agnidesigns.com/fortune/demo3/2016/12/02/spark-of-life-enjoying-your-lovely-time/index.html]
[demo.agnidesigns.com/fortune/demo3/wp-json/oembed/1.0/embedfdfb.json]
[demo.agnidesigns.com/fortune/demo3/2016/12/03/10-things-would-say-if-youre-a-designer-2/index.html]
[demo.agnidesigns.com/fortune/demo3/2016/12/02/13-effective-way-to-spend-your-holidays/index.html]
[demo.agnidesigns.com/fortune/demo3/category/uncategorized/index.html]
[demo.agnidesigns.com/fortune/demo3/wp-json/oembed/1.0/embed1feb]
[demo.agnidesigns.com/fortune/demo3/2016/12/02/awesome-places-to-travel-before-you-die/index.html]
[demo.agnidesigns.com/fortune/demo3/category/photography/index.html]
[demo.agnidesigns.com/fortune/demo3/d3-contact-us/index.html]
[demo.agnidesigns.com/fortune/demo3/wp-json/oembed/1.0/embedcb7a.json]
[demo.agnidesigns.com/fortune/demo3/portfolio/pop/feed/index.html]
[demo.agnidesigns.com/fortune/demo3/wp-json/oembed/1.0/embedffb5]
[demo.agnidesigns.com/fortune/demo3/wp-content/uploads/sites/4/2016/10/portfolio-thumbnail_inner_3.jpg]
[demo.agnidesigns.com/fortune/demo3/wp-content/uploads/sites/4/2016/10/portfolio-thumbnail_inner_1.jpg]
[demo.agnidesigns.com/fortune/demo3/wp-content/uploads/sites/4/2016/10/portfolio-thumbnail_inner_2.jpg]
[demo.agnidesigns.com/fortune/demo3/wp-content/uploads/sites/4/2016/10/portfolio-thumbnail_inner_6.jpg]
[demo.agnidesigns.com/fortune/demo3/wp-content/uploads/sites/4/2016/10/portfolio-thumbnail_inner_5.jpg]
[demo.agnidesigns.com/fortune/demo3/wp-content/uploads/sites/4/2016/10/portfolio-thumbnail_inner_7.jpg]
[demo.agnidesigns.com/fortune/demo3/wp-content/uploads/sites/4/2016/10/portfolio-thumbnail_inner_4.jpg]
[demo.agnidesigns.com/fortune/demo3/wp-includes/js/comment-reply.min1f93.js]
[demo.agnidesigns.com/fortune/demo3/portfolio/pop/index.html]
[demo.agnidesigns.com/fortune/demo3/wp-json/oembed/1.0/embede7d6.json]
[demo.agnidesigns.com/fortune/demo3/portfolio/comma-logo-marks/feed/index.html]
[demo.agnidesigns.com/fortune/demo3/wp-json/oembed/1.0/embedac78]
[demo.agnidesigns.com/fortune/demo3/wp-content/uploads/sites/4/2016/10/portfolio-thumbnail_2_inner_1.jpg]
[demo.agnidesigns.com/fortune/demo3/portfolio/comma-logo-marks/index.html]
[demo.agnidesigns.com/fortune/demo3/wp-json/oembed/1.0/embed3e08.json]
[demo.agnidesigns.com/fortune/demo3/portfolio/zero-branding/feed/index.html]
[demo.agnidesigns.com/fortune/demo3/wp-json/oembed/1.0/embed04e1]
[demo.agnidesigns.com/fortune/demo3/wp-content/uploads/sites/4/2016/10/portfolio-thumbnail_3_inner_1.jpg]
[demo.agnidesigns.com/fortune/demo3/wp-content/uploads/sites/4/2016/10/portfolio-thumbnail_3_inner_4.jpg]
[demo.agnidesigns.com/fortune/demo3/wp-content/uploads/sites/4/2016/10/portfolio-thumbnail_3_inner_6.jpg]
[demo.agnidesigns.com/fortune/demo3/wp-content/uploads/sites/4/2016/10/portfolio-thumbnail_3_inner_3.jpg]
[demo.agnidesigns.com/fortune/demo3/wp-content/uploads/sites/4/2016/10/portfolio-thumbnail_3_inner_2.jpg]
[demo.agnidesigns.com/fortune/demo3/wp-content/uploads/sites/4/2016/10/portfolio-thumbnail_3_inner_5.jpg]
[demo.agnidesigns.com/fortune/demo3/portfolio/zero-branding/index.html]
[demo.agnidesigns.com/fortune/demo3/wp-json/oembed/1.0/embed186b.json]
[demo.agnidesigns.com/fortune/demo3/portfolio/no-excuses/feed/index.html]
[demo.agnidesigns.com/fortune/demo3/wp-json/oembed/1.0/embed8cd5]
[demo.agnidesigns.com/fortune/demo3/wp-content/uploads/sites/4/2016/10/portfolio-thumbnail_4_inner_2_1.jpg]
[demo.agnidesigns.com/fortune/demo3/wp-content/uploads/sites/4/2016/10/portfolio-thumbnail_4_inner_1.jpg]
[demo.agnidesigns.com/fortune/demo3/wp-content/uploads/sites/4/2016/10/portfolio-thumbnail_4_inner_10.jpg]
[demo.agnidesigns.com/fortune/demo3/wp-content/uploads/sites/4/2016/10/portfolio-thumbnail_4_inner_9.jpg]
[demo.agnidesigns.com/fortune/demo3/wp-content/uploads/sites/4/2016/10/portfolio-thumbnail_4_inner_8.jpg]
[demo.agnidesigns.com/fortune/demo3/wp-content/uploads/sites/4/2016/10/portfolio-thumbnail_4_inner_7.jpg]
[demo.agnidesigns.com/fortune/demo3/wp-content/uploads/sites/4/2016/10/portfolio-thumbnail_4_inner_6.jpg]
[demo.agnidesigns.com/fortune/demo3/wp-content/uploads/sites/4/2016/10/portfolio-thumbnail_4_inner_12.jpg]
[demo.agnidesigns.com/fortune/demo3/wp-content/uploads/sites/4/2016/10/portfolio-thumbnail_4_inner_11.jpg]
[demo.agnidesigns.com/fortune/demo3/wp-content/uploads/sites/4/2016/10/portfolio-thumbnail_4_inner_4.jpg]
[demo.agnidesigns.com/fortune/demo3/portfolio/no-excuses/index.html]
[demo.agnidesigns.com/fortune/demo3/wp-json/oembed/1.0/embedc694.json]
[demo.agnidesigns.com/fortune/demo3/portfolio/so-poster-series/feed/index.html]
[demo.agnidesigns.com/fortune/demo3/wp-json/oembed/1.0/embed6007]
[demo.agnidesigns.com/fortune/demo3/wp-content/uploads/sites/4/2016/10/portfolio-thumbnail_5_inner_6.jpg]
[demo.agnidesigns.com/fortune/demo3/wp-content/uploads/sites/4/2016/10/portfolio-thumbnail_5_inner_5.jpg]
[demo.agnidesigns.com/fortune/demo3/wp-content/uploads/sites/4/2016/10/portfolio-thumbnail_5_inner_4.jpg]
[demo.agnidesigns.com/fortune/demo3/wp-content/uploads/sites/4/2016/10/portfolio-thumbnail_5_inner_3.jpg]
[demo.agnidesigns.com/fortune/demo3/wp-content/uploads/sites/4/2016/10/portfolio-thumbnail_5_inner_1.jpg]
[demo.agnidesigns.com/fortune/demo3/portfolio/so-poster-series/index.html]
[demo.agnidesigns.com/fortune/demo3/wp-json/oembed/1.0/embeda3f3.json]
[demo.agnidesigns.com/fortune/demo3/portfolio/trim-android-app/feed/index.html]
[demo.agnidesigns.com/fortune/demo3/wp-json/oembed/1.0/embed6254]
[demo.agnidesigns.com/fortune/demo3/wp-content/uploads/sites/4/2016/10/portfolio-thumbnail_6_inner_6.jpg]
[demo.agnidesigns.com/fortune/demo3/wp-content/uploads/sites/4/2016/10/portfolio-thumbnail_6_inner_5.jpg]
[demo.agnidesigns.com/fortune/demo3/wp-content/uploads/sites/4/2016/10/portfolio-thumbnail_6_inner_9.jpg]
[demo.agnidesigns.com/fortune/demo3/wp-content/uploads/sites/4/2016/10/portfolio-thumbnail_6_inner_1.jpg]
[demo.agnidesigns.com/fortune/demo3/wp-content/uploads/sites/4/2016/10/portfolio-thumbnail_6_inner_7.jpg]
[demo.agnidesigns.com/fortune/demo3/wp-content/uploads/sites/4/2016/10/portfolio-thumbnail_6_inner_4.jpg]
[demo.agnidesigns.com/fortune/demo3/wp-content/uploads/sites/4/2016/10/portfolio-thumbnail_6_inner_8.jpg]
[demo.agnidesigns.com/fortune/demo3/portfolio/trim-android-app/index.html]
[demo.agnidesigns.com/fortune/demo3/wp-json/oembed/1.0/embed2431.json]
[demo.agnidesigns.com/fortune/demo3/portfolio/the-love-of-wine/feed/index.html]
[demo.agnidesigns.com/fortune/demo3/wp-json/oembed/1.0/embedec49]
[demo.agnidesigns.com/fortune/demo3/wp-content/uploads/sites/4/2016/10/portfolio-thumbnail_7_inner_6.jpg]
[demo.agnidesigns.com/fortune/demo3/wp-content/uploads/sites/4/2016/10/portfolio-thumbnail_7_inner_5.jpg]
[demo.agnidesigns.com/fortune/demo3/wp-content/uploads/sites/4/2016/10/portfolio-thumbnail_7_inner_3.jpg]
[demo.agnidesigns.com/fortune/demo3/wp-content/uploads/sites/4/2016/10/portfolio-thumbnail_7_inner_1.jpg]
[demo.agnidesigns.com/fortune/demo3/wp-content/uploads/sites/4/2016/10/portfolio-thumbnail_7_inner_4.jpg]
[demo.agnidesigns.com/fortune/demo3/wp-content/uploads/sites/4/2016/10/portfolio-thumbnail_7_inner_2.jpg]
[demo.agnidesigns.com/fortune/demo3/portfolio/the-love-of-wine/index.html]
[demo.agnidesigns.com/fortune/demo3/wp-json/oembed/1.0/embed96f8.json]
[demo.agnidesigns.com/fortune/demo3/portfolio/alpha-view/feed/index.html]
[demo.agnidesigns.com/fortune/demo3/wp-json/oembed/1.0/embed36af]
[demo.agnidesigns.com/fortune/demo3/wp-content/uploads/sites/4/2016/10/portfolio-thumbnail_8_inner_1.jpg]
[demo.agnidesigns.com/fortune/demo3/wp-content/uploads/sites/4/2016/10/portfolio-thumbnail_8_inner_3.jpg]
[demo.agnidesigns.com/fortune/demo3/wp-content/uploads/sites/4/2016/10/51524943758103.57ff73481fa22.gif]
[demo.agnidesigns.com/fortune/demo3/wp-content/uploads/sites/4/2016/10/portfolio-thumbnail_8_inner_4.jpg]
[demo.agnidesigns.com/fortune/demo3/portfolio/alpha-view/index.html]
[demo.agnidesigns.com/fortune/demo3/portfolio/hillsong/feed/index.html]
[demo.agnidesigns.com/fortune/demo3/wp-json/oembed/1.0/embed0ac6.json]
[demo.agnidesigns.com/fortune/demo3/wp-json/oembed/1.0/embedbffc]
[demo.agnidesigns.com/fortune/demo3/wp-content/uploads/sites/4/2016/10/portfolio-thumbnail_9_inner_1.jpg]
[demo.agnidesigns.com/fortune/demo3/wp-content/uploads/sites/4/2016/10/portfolio-thumbnail_9_inner_3.jpg]
[demo.agnidesigns.com/fortune/demo3/wp-content/uploads/sites/4/2016/10/portfolio-thumbnail_9_inner_2.jpg]
[demo.agnidesigns.com/fortune/demo3/wp-content/uploads/sites/4/2016/10/portfolio-thumbnail_9_inner_4.jpg]
[demo.agnidesigns.com/fortune/demo3/wp-content/uploads/sites/4/2016/10/portfolio-thumbnail_9_inner_7.jpg]
[demo.agnidesigns.com/fortune/demo3/wp-content/uploads/sites/4/2016/10/portfolio-thumbnail_9_inner_5.jpg]
[demo.agnidesigns.com/fortune/demo3/wp-content/uploads/sites/4/2016/10/portfolio-thumbnail_9_inner_6.jpg]
[demo.agnidesigns.com/fortune/demo3/portfolio/hillsong/index.html]
[demo.agnidesigns.com/fortune/demo3/wp-json/oembed/1.0/embedd658.json]
[demo.agnidesigns.com/fortune/demo3/portfolio/formula-creativa/feed/index.html]
[demo.agnidesigns.com/fortune/demo3/wp-json/oembed/1.0/embedbcf9]
[demo.agnidesigns.com/fortune/demo3/wp-content/uploads/sites/4/2016/11/portfolio-thumbnail_10_inner_7.jpg]
[demo.agnidesigns.com/fortune/demo3/wp-content/uploads/sites/4/2016/11/portfolio-thumbnail_10_inner_6.jpg]
[demo.agnidesigns.com/fortune/demo3/wp-content/uploads/sites/4/2016/11/portfolio-thumbnail_10_inner_5.jpg]
[demo.agnidesigns.com/fortune/demo3/wp-content/uploads/sites/4/2016/11/portfolio-thumbnail_10_inner_4.jpg]
[demo.agnidesigns.com/fortune/demo3/wp-content/uploads/sites/4/2016/11/portfolio-thumbnail_10_inner_3.jpg]
[demo.agnidesigns.com/fortune/demo3/wp-content/uploads/sites/4/2016/11/portfolio-thumbnail_10_inner_2.jpg]
[demo.agnidesigns.com/fortune/demo3/portfolio/formula-creativa/index.html]
[demo.agnidesigns.com/fortune/demo3/wp-content/themes/fortun/img/search.png]
[demo.agnidesigns.com/fortune/demo3/wp-content/themes/fortun/style.css]
[demo.agnidesigns.com/fortune/demo3/wp-content/themes/fortun/css/responsive.css]
[demo.agnidesigns.com/fortune/demo3/wp-content/themes/fortun/css/fonts/ionicons28b5.svg]
[demo.agnidesigns.com/fortune/demo3/wp-content/plugins/js_composer/assets/lib/bower/font-awesome/fonts/fontawesome-webfont5b62.html]
[demo.agnidesigns.com/fortune/demo3/wp-content/plugins/js_composer/assets/lib/bower/font-awesome/fonts/fontawesome-webfont5b62.svg]
[demo.agnidesigns.com/fortune/demo3/wp-content/themes/fortun/css/fonts/Pe-icon-7-strokebb1d.svg]
[demo.agnidesigns.com/fortune/demo3/wp-content/themes/fortun/css/fonts/Pe-icon-7-filled74da.svg]
[demo.agnidesigns.com/fortune/demo3/wp-content/themes/fortun/css/fonts/linea-arrows-10.svg]
[demo.agnidesigns.com/fortune/demo3/wp-content/themes/fortun/css/fonts/linea-basic-10.svg]
[demo.agnidesigns.com/fortune/demo3/wp-content/themes/fortun/css/fonts/linea-basic-elaboration-10.svg]
[demo.agnidesigns.com/fortune/demo3/wp-content/themes/fortun/css/fonts/linea-ecommerce-10.svg]
[demo.agnidesigns.com/fortune/demo3/wp-content/themes/fortun/css/fonts/linea-software-10.svg]
[demo.agnidesigns.com/fortune/demo3/wp-content/themes/fortun/css/fonts/linea-music-10.svg]
[demo.agnidesigns.com/fortune/demo3/wp-content/themes/fortun/css/fonts/linea-weather-10.svg]
[demo.agnidesigns.com/fortune/demo3/wp-content/themes/fortun/css/fonts/webfont-medical-icons.svg]
[demo.agnidesigns.com/fortune/demo3/wp-content/themes/fortun/css/owl.video.play.html]
[demo.agnidesigns.com/fortune/demo3/wp-content/plugins/js_composer/assets/fonts/vc_icons/fonts/VC-Icons8309.svg]
[demo.agnidesigns.com/fortune/demo3/wp-content/plugins/js_composer/assets/fonts/vc_grid/vc_grid_v157a1.svg]
[demo.agnidesigns.com/fortune/demo3/indexc725.html]
[demo.agnidesigns.com/fortune/demo3/wp-content/themes/fortun/css/svg/software_pen_add.svg]
[demo.agnidesigns.com/fortune/demo3/wp-content/themes/fortun/css/svg/basic_webpage.svg]
[demo.agnidesigns.com/fortune/demo3/wp-content/themes/fortun/css/svg/software_layout_header_complex.svg]
[demo.agnidesigns.com/fortune/demo3/index5dce.html]
[demo.agnidesigns.com/fortune/demo3/wp-content/uploads/sites/4/2016/10/portfolio-thumbnail-9-480x480.jpg]
[demo.agnidesigns.com/fortune/demo3/d3-works/page/2/index.html]
[demo.agnidesigns.com/fortune/demo3/index9848.html]
[demo.agnidesigns.com/fortune/demo3/wp-json/oembed/1.0/embed2ee5.json]
[demo.agnidesigns.com/fortune/demo3/2016/12/05/10-things-new-york-lovers-could-only-understand/feed/index.html]
[demo.agnidesigns.com/fortune/demo3/wp-json/oembed/1.0/embed0aa3]
[demo.agnidesigns.com/fortune/demo3/wp-content/uploads/sites/4/2016/12/blog-thumbnail-16.jpg]
[demo.agnidesigns.com/fortune/demo3/2016/12/05/10-things-new-york-lovers-could-only-understand/index.html]
[demo.agnidesigns.com/fortune/demo3/tag/happy/index.html]
[demo.agnidesigns.com/fortune/demo3/tag/love/index.html]
[demo.agnidesigns.com/fortune/demo3/wp-login.html]
[demo.agnidesigns.com/fortune/demo3/category/tips-tricks/index.html]
[demo.agnidesigns.com/fortune/demo3/tag/memory/index.html]
[demo.agnidesigns.com/fortune/demo3/tag/web/index.html]
[demo.agnidesigns.com/fortune/demo3/2016/12/05/10-things-new-york-lovers-could-only-understand/indexb951.html]
[demo.agnidesigns.com/fortune/demo3/wp-json/oembed/1.0/embedb077.json]
[demo.agnidesigns.com/fortune/demo3/wp-json/oembed/1.0/embeda98a]
[demo.agnidesigns.com/fortune/demo3/2016/11/29/clean-photography-iceland/index.html]
[demo.agnidesigns.com/fortune/demo3/category/tips-tricks/feed/index.html]
[demo.agnidesigns.com/fortune/demo3/wp-content/uploads/sites/4/2016/12/blog-thumbnail-3-960x720.jpg]
[demo.agnidesigns.com/fortune/demo3/2016/12/index.html]
[demo.agnidesigns.com/fortune/demo3/2016/12/05/10-things-new-york-lovers-could-only-understand/index5a86.html]
[demo.agnidesigns.com/fortune/demo3/2016/12/04/wildlife-could-be-amazing-see-why/index.html]
[demo.agnidesigns.com/fortune/demo3/2016/11/index.html]
[demo.agnidesigns.com/fortune/demo3/2016/06/index.html]
[demo.agnidesigns.com/fortune/demo3/2016/12/04/wildlife-could-be-amazing-see-why/feed/index.html]
[demo.agnidesigns.com/fortune/demo3/wp-content/uploads/sites/4/2016/12/blog-thumbnail-1-960x641.jpg]
[demo.agnidesigns.com/fortune/demo3/wp-content/uploads/sites/4/2016/12/blog-thumbnail-8-960x636.jpg]
[demo.agnidesigns.com/fortune/demo3/2016/12/04/wildlife-could-be-amazing-see-why/indexa82a.html]
[demo.agnidesigns.com/fortune/demo3/category/business/feed/index.html]
[demo.agnidesigns.com/fortune/demo3/wp-content/uploads/sites/4/2016/12/blog-thumbnail-5-960x640.jpg]
[demo.agnidesigns.com/fortune/demo3/wp-content/uploads/sites/4/2016/12/blog-thumbnail-12-960x1440.jpg]
[demo.agnidesigns.com/fortune/demo3/category/business/index.html]
[demo.agnidesigns.com/fortune/demo3/2016/11/30/wedding-photography-in-a-new-style/index.html]
[demo.agnidesigns.com/fortune/demo3/wp-json/oembed/1.0/embedec35.json]
[demo.agnidesigns.com/fortune/demo3/2016/12/04/strange-things-that-make-you-wow/feed/index.html]
[demo.agnidesigns.com/fortune/demo3/wp-json/oembed/1.0/embedbefa]
[demo.agnidesigns.com/fortune/demo3/wp-content/uploads/sites/4/2016/12/blog-thumbnail-4-960x1440.jpg]
[demo.agnidesigns.com/fortune/demo18/wp-content/uploads/sites/19/2016/12/blog-thumbnail-2-300x200.jpg]
[demo.agnidesigns.com/fortune/demo3/2016/12/04/strange-things-that-make-you-wow/index.html]
[demo.agnidesigns.com/fortune/demo3/category/lifestyle/index.html]
[demo.agnidesigns.com/fortune/demo3/category/lifestyle/feed/index.html]
[demo.agnidesigns.com/fortune/demo3/wp-json/oembed/1.0/embed26d3.json]
[demo.agnidesigns.com/fortune/demo3/2016/12/03/six-things-wont-go-out-of-style/feed/index.html]
[demo.agnidesigns.com/fortune/demo3/2016/12/03/six-things-wont-go-out-of-style/index.html]
[demo.agnidesigns.com/fortune/demo3/wp-json/oembed/1.0/embed2516]
[demo.agnidesigns.com/fortune/demo3/2016/12/03/six-things-wont-go-out-of-style/index267f.html]
[demo.agnidesigns.com/fortune/demo3/2016/12/03/six-things-wont-go-out-of-style/index41b7.html]
[demo.agnidesigns.com/fortune/demo3/wp-json/oembed/1.0/embed1fd4.json]
[demo.agnidesigns.com/fortune/demo3/2016/12/03/10-things-would-say-if-youre-a-designer-2/feed/index.html]
[demo.agnidesigns.com/fortune/demo3/wp-json/oembed/1.0/embedc0cf]
[demo.agnidesigns.com/fortune/demo18/wp-content/uploads/sites/19/2016/12/ezsm8xrjnx0-nordwood-themes.jpg]
[demo.agnidesigns.com/fortune/demo18/wp-content/uploads/sites/19/2016/12/blog-thumbnail-5-300x200.jpg]
[demo.agnidesigns.com/fortune/demo3/2016/12/03/10-things-would-say-if-youre-a-designer-2/index.html]
[demo.agnidesigns.com/fortune/demo3/2016/12/03/six-things-wont-go-out-of-style/index94a5.html]
[demo.agnidesigns.com/fortune/demo3/tag/fun/index.html]
[demo.agnidesigns.com/fortune/demo3/tag/holiday/index.html]
[demo.agnidesigns.com/fortune/demo3/wp-content/uploads/sites/4/2016/12/blog-thumbnail-7-960x640.jpg]
[demo.agnidesigns.com/fortune/demo3/category/nature/index.html]
[demo.agnidesigns.com/fortune/demo3/tag/life/index.html]
[demo.agnidesigns.com/fortune/demo3/category/nature/feed/index.html]
[demo.agnidesigns.com/fortune/demo3/2016/12/01/buying-new-fashion-on-this-christmas-2/index.html]
[demo.agnidesigns.com/fortune/demo3/wp-json/oembed/1.0/embed10f3.json]
[demo.agnidesigns.com/fortune/demo3/2016/12/02/spark-of-life-enjoying-your-lovely-time/feed/index.html]
[demo.agnidesigns.com/fortune/demo3/wp-json/oembed/1.0/embed5b97]
[demo.agnidesigns.com/fortune/demo18/wp-content/uploads/sites/19/2016/12/blog-thumbnail-11.jpg]
[demo.agnidesigns.com/fortune/demo18/wp-content/uploads/sites/19/2016/12/blog-thumbnail-10.jpg]
[demo.agnidesigns.com/fortune/demo3/2016/12/02/spark-of-life-enjoying-your-lovely-time/index.html]
[demo.agnidesigns.com/fortune/demo3/2016/12/02/spark-of-life-enjoying-your-lovely-time/indexfa40.html]
[demo.agnidesigns.com/fortune/demo3/wp-content/uploads/sites/4/2016/12/blog-thumbnail-2-960x641.jpg]
[demo.agnidesigns.com/fortune/demo3/2016/12/02/spark-of-life-enjoying-your-lovely-time/index8528.html]
[demo.agnidesigns.com/fortune/demo3/2016/12/02/spark-of-life-enjoying-your-lovely-time/index360b.html]
[demo.agnidesigns.com/fortune/demo3/wp-content/uploads/sites/4/2016/12/blog-thumbnail-10-960x641.jpg]
[demo.agnidesigns.com/fortune/demo3/category/uncategorized/index.html]
[demo.agnidesigns.com/fortune/demo3/category/uncategorized/feed/index.html]
[demo.agnidesigns.com/fortune/demo3/2016/12/01/stunning-photography-of-netherlands/index.html]
[demo.agnidesigns.com/fortune/demo3/2016/11/30/top-10-places-for-adventure-lovers/index.html]
[demo.agnidesigns.com/fortune/demo3/2016/06/20/hello-world/index.html]
[demo.agnidesigns.com/fortune/demo3/wp-json/oembed/1.0/embed9797.json]
[demo.agnidesigns.com/fortune/demo3/2016/12/02/13-effective-way-to-spend-your-holidays/feed/index.html]
[demo.agnidesigns.com/fortune/demo3/2016/12/02/13-effective-way-to-spend-your-holidays/index.html]
[demo.agnidesigns.com/fortune/demo3/category/photography/index.html]
[demo.agnidesigns.com/fortune/demo3/wp-json/oembed/1.0/embed2ae8]
[demo.agnidesigns.com/fortune/demo3/category/photography/feed/index.html]
[demo.agnidesigns.com/fortune/demo3/wp-json/oembed/1.0/embedd707]
[demo.agnidesigns.com/fortune/demo3/2016/12/02/awesome-places-to-travel-before-you-die/feed/index.html]
[demo.agnidesigns.com/fortune/demo3/wp-json/oembed/1.0/embed67fa]
[demo.agnidesigns.com/fortune/demo3/2016/12/02/awesome-places-to-travel-before-you-die/index.html]
[demo.agnidesigns.com/fortune/demo3/indexa8b8.html]
[demo.agnidesigns.com/fortune/demo3/indexead8.html]
[demo.agnidesigns.com/fortune/demo3/index40e6.html]
[demo.agnidesigns.com/fortune/demo3/index23ea.html]
[demo.agnidesigns.com/fortune/demo3/indexd8bc.html]
[demo.agnidesigns.com/fortune/demo3/index4efb.html]
[demo.agnidesigns.com/fortune/demo3/index2e64.html]
[demo.agnidesigns.com/fortune/demo3/indexffa6.html]
[demo.agnidesigns.com/fortune/demo3/index43fc.html]
[demo.agnidesigns.com/fortune/demo3/wp-content/themes/fortun/css/svg/basic_flag1.svg]
[demo.agnidesigns.com/fortune/demo3/wp-content/themes/fortun/css/svg/basic_mail_open_text.svg]
[demo.agnidesigns.com/fortune/demo3/wp-content/themes/fortun/css/svg/basic_bolt.svg]
[demo.agnidesigns.com/fortune/demo3/indexe145.html]
[demo.agnidesigns.com/fortune/demo3/indexc508.html]
[demo.agnidesigns.com/fortune/demo3/d3-works/page/1/index.html]
[demo.agnidesigns.com/fortune/demo3/indexcbb6.html]
[demo.agnidesigns.com/fortune/demo3/tag/happy/index.html]
[demo.agnidesigns.com/fortune/demo3/2016/12/02/13-effective-way-to-spend-your-holidays/indexa79a.html]
[demo.agnidesigns.com/fortune/demo3/tag/love/index.html]
[demo.agnidesigns.com/fortune/demo3/tag/happy/feed/index.html]
[demo.agnidesigns.com/fortune/demo3/tag/memory/index.html]
[demo.agnidesigns.com/fortune/demo3/tag/love/feed/index.html]
[demo.agnidesigns.com/fortune/demo3/tag/web/index.html]
[demo.agnidesigns.com/fortune/demo3/tag/memory/feed/index.html]
[demo.agnidesigns.com/fortune/demo3/2016/12/05/10-things-new-york-lovers-could-only-understand/indexb951.html]
[demo.agnidesigns.com/fortune/demo3/2016/12/05/10-things-new-york-lovers-could-only-understand/index5a86.html]
[demo.agnidesigns.com/fortune/demo3/tag/web/feed/index.html]
[demo.agnidesigns.com/fortune/demo3/2016/12/02/awesome-places-to-travel-before-you-die/indexf970.html]
[demo.agnidesigns.com/fortune/demo3/2016/12/02/awesome-places-to-travel-before-you-die/index06ab.html]
[demo.agnidesigns.com/fortune/demo3/wp-json/oembed/1.0/embede1c4]
[demo.agnidesigns.com/fortune/demo3/2016/11/29/clean-photography-iceland/feed/index.html]
[demo.agnidesigns.com/fortune/demo3/wp-json/oembed/1.0/embedc93a]
[demo.agnidesigns.com/fortune/demo3/2016/11/29/clean-photography-iceland/index.html]
[demo.agnidesigns.com/fortune/demo3/2016/12/index.html]
[demo.agnidesigns.com/fortune/demo3/2016/11/index.html]
[demo.agnidesigns.com/fortune/demo3/2016/06/index.html]
[demo.agnidesigns.com/fortune/demo3/2016/11/29/clean-photography-iceland/index6944.html]
[demo.agnidesigns.com/fortune/demo3/wp-login.html]
[demo.agnidesigns.com/fortune/demo3/index4170.html]
[demo.agnidesigns.com/fortune/demo3/2016/12/04/wildlife-could-be-amazing-see-why/indexa82a.html]
[demo.agnidesigns.com/fortune/demo3/wp-admin/load-stylesa6b5.css]
[demo.agnidesigns.com/fortune/demo3/wp-json/oembed/1.0/embeda674.json]
[demo.agnidesigns.com/fortune/demo3/2016/11/30/wedding-photography-in-a-new-style/feed/index.html]
[demo.agnidesigns.com/fortune/demo3/wp-json/oembed/1.0/embedf508]
[demo.agnidesigns.com/fortune/demo3/2016/11/30/wedding-photography-in-a-new-style/index.html]
[demo.agnidesigns.com/fortune/demo3/index88b9.html]
[demo.agnidesigns.com/fortune/demo3/index23a8.html]
[demo.agnidesigns.com/fortune/demo3/2016/12/03/six-things-wont-go-out-of-style/index267f.html]
[demo.agnidesigns.com/fortune/demo3/2016/12/03/six-things-wont-go-out-of-style/index41b7.html]
[demo.agnidesigns.com/fortune/demo3/2016/12/03/six-things-wont-go-out-of-style/index94a5.html]
[demo.agnidesigns.com/fortune/demo3/index1583.html]
[demo.agnidesigns.com/fortune/demo3/tag/fun/index.html]
[demo.agnidesigns.com/fortune/demo3/tag/holiday/index.html]
[demo.agnidesigns.com/fortune/demo3/tag/life/index.html]
[demo.agnidesigns.com/fortune/demo3/tag/holiday/feed/index.html]
[demo.agnidesigns.com/fortune/demo3/tag/fun/feed/index.html]
[demo.agnidesigns.com/fortune/demo3/tag/life/feed/index.html]
[demo.agnidesigns.com/fortune/demo3/wp-json/oembed/1.0/embed7599]
[demo.agnidesigns.com/fortune/demo3/2016/12/01/buying-new-fashion-on-this-christmas-2/feed/index.html]
[demo.agnidesigns.com/fortune/demo3/wp-json/oembed/1.0/embeddcfc]
[demo.agnidesigns.com/fortune/demo3/2016/12/01/buying-new-fashion-on-this-christmas-2/index.html]
[demo.agnidesigns.com/fortune/demo3/indexc7e3.html]
[demo.agnidesigns.com/fortune/demo3/2016/12/02/spark-of-life-enjoying-your-lovely-time/indexfa40.html]
[demo.agnidesigns.com/fortune/demo3/2016/12/02/spark-of-life-enjoying-your-lovely-time/index8528.html]
[demo.agnidesigns.com/fortune/demo3/2016/12/02/spark-of-life-enjoying-your-lovely-time/index360b.html]
[demo.agnidesigns.com/fortune/demo3/wp-json/oembed/1.0/embed46b2.json]
[demo.agnidesigns.com/fortune/demo3/2016/12/01/stunning-photography-of-netherlands/feed/index.html]
[demo.agnidesigns.com/fortune/demo3/wp-json/oembed/1.0/embedc9d4]
[demo.agnidesigns.com/fortune/demo3/2016/12/01/stunning-photography-of-netherlands/index.html]
[demo.agnidesigns.com/fortune/demo3/wp-json/oembed/1.0/embeda0d5.json]
[demo.agnidesigns.com/fortune/demo3/2016/11/30/top-10-places-for-adventure-lovers/feed/index.html]
[demo.agnidesigns.com/fortune/demo3/wp-json/oembed/1.0/embed98e0]
[demo.agnidesigns.com/fortune/demo3/2016/11/30/top-10-places-for-adventure-lovers/index.html]
[demo.agnidesigns.com/fortune/demo3/2016/12/01/stunning-photography-of-netherlands/index8e42.html]
[demo.agnidesigns.com/fortune/demo3/2016/12/01/stunning-photography-of-netherlands/index21b4.html]
[demo.agnidesigns.com/fortune/demo3/2016/12/01/stunning-photography-of-netherlands/index3094.html]
[demo.agnidesigns.com/fortune/demo3/wp-json/oembed/1.0/embed8908.json]
[demo.agnidesigns.com/fortune/demo3/2016/06/20/hello-world/feed/index.html]
[demo.agnidesigns.com/fortune/demo3/wp-json/oembed/1.0/embed5ff4]
[demo.agnidesigns.com/fortune/demo3/2016/06/20/hello-world/index.html]
[demo.agnidesigns.com/fortune/demo3/indexba52.html]
[demo.agnidesigns.com/fortune/demo3/2016/12/02/13-effective-way-to-spend-your-holidays/indexa79a.html]
[demo.agnidesigns.com/fortune/demo3/index5e74.html]
[demo.agnidesigns.com/fortune/demo3/2016/12/02/awesome-places-to-travel-before-you-die/index06ab.html]
[demo.agnidesigns.com/fortune/demo3/2016/12/02/awesome-places-to-travel-before-you-die/indexf970.html]
[demo.agnidesigns.com/fortune/demo3/index40a0.html]
[demo.agnidesigns.com/fortune/demo3/2016/06/20/hello-world/index6809.html]
[demo.agnidesigns.com/fortune/demo3/2016/11/29/clean-photography-iceland/index6944.html]
[demo.agnidesigns.com/fortune/demo3/wp-includes/fonts/dashicons.eot]
[demo.agnidesigns.com/fortune/demo3/wp-admin/images/loading.gif]
[demo.agnidesigns.com/fortune/demo3/wp-admin/images/w-logo-blue7a53.png]
[demo.agnidesigns.com/fortune/demo3/wp-admin/load-stylesa6b5.css]
[demo.agnidesigns.com/fortune/demo3/wp-login93b7.html]
[demo.agnidesigns.com/fortune/demo3/wp-admin/index.html]
[demo.agnidesigns.com/fortune/demo3/lost-password/index.html]
[demo.agnidesigns.com/fortune/demo3/index3c55.html]
[demo.agnidesigns.com/fortune/demo3/index9cd7.html]
[demo.agnidesigns.com/fortune/demo3/indexc9c3.html]
[demo.agnidesigns.com/fortune/demo3/2016/12/01/stunning-photography-of-netherlands/index3094.html]
[demo.agnidesigns.com/fortune/demo3/2016/12/01/stunning-photography-of-netherlands/index21b4.html]
[demo.agnidesigns.com/fortune/demo3/2016/12/01/stunning-photography-of-netherlands/index8e42.html]
[demo.agnidesigns.com/fortune/demo3/index58a0.html]
[demo.agnidesigns.com/fortune/demo3/indexcff1.html]
[demo.agnidesigns.com/fortune/demo3/2016/06/20/hello-world/index6809.html]
[demo.agnidesigns.com/fortune/demo3/wp-admin/images/wordpress-logo7d6b.svg]
[demo.agnidesigns.com/fortune/demo3/wp-login93b7.html]
[demo.agnidesigns.com/fortune/demo3/wp-admin/&reauth=1.html]
